Archive member included to satisfy reference by file (symbol)

c:/st/stm32cubeide_1.4.0/stm32cubeide/plugins/com.st.stm32cube.ide.mcu.externaltools.gnu-tools-for-stm32.7-2018-q2-update.win32_1.4.0.202007081208/tools/bin/../lib/gcc/arm-none-eabi/7.3.1/../../../../arm-none-eabi/lib/thumb/v7-m\libc_nano.a(lib_a-errno.o)
                              Src/syscalls.o (__errno)
c:/st/stm32cubeide_1.4.0/stm32cubeide/plugins/com.st.stm32cube.ide.mcu.externaltools.gnu-tools-for-stm32.7-2018-q2-update.win32_1.4.0.202007081208/tools/bin/../lib/gcc/arm-none-eabi/7.3.1/../../../../arm-none-eabi/lib/thumb/v7-m\libc_nano.a(lib_a-exit.o)
                              c:/st/stm32cubeide_1.4.0/stm32cubeide/plugins/com.st.stm32cube.ide.mcu.externaltools.gnu-tools-for-stm32.7-2018-q2-update.win32_1.4.0.202007081208/tools/bin/../lib/gcc/arm-none-eabi/7.3.1/../../../../arm-none-eabi/lib/thumb/v7-m/crt0.o (exit)
c:/st/stm32cubeide_1.4.0/stm32cubeide/plugins/com.st.stm32cube.ide.mcu.externaltools.gnu-tools-for-stm32.7-2018-q2-update.win32_1.4.0.202007081208/tools/bin/../lib/gcc/arm-none-eabi/7.3.1/../../../../arm-none-eabi/lib/thumb/v7-m\libc_nano.a(lib_a-impure.o)
                              c:/st/stm32cubeide_1.4.0/stm32cubeide/plugins/com.st.stm32cube.ide.mcu.externaltools.gnu-tools-for-stm32.7-2018-q2-update.win32_1.4.0.202007081208/tools/bin/../lib/gcc/arm-none-eabi/7.3.1/../../../../arm-none-eabi/lib/thumb/v7-m\libc_nano.a(lib_a-exit.o) (_global_impure_ptr)
c:/st/stm32cubeide_1.4.0/stm32cubeide/plugins/com.st.stm32cube.ide.mcu.externaltools.gnu-tools-for-stm32.7-2018-q2-update.win32_1.4.0.202007081208/tools/bin/../lib/gcc/arm-none-eabi/7.3.1/../../../../arm-none-eabi/lib/thumb/v7-m\libc_nano.a(lib_a-init.o)
                              c:/st/stm32cubeide_1.4.0/stm32cubeide/plugins/com.st.stm32cube.ide.mcu.externaltools.gnu-tools-for-stm32.7-2018-q2-update.win32_1.4.0.202007081208/tools/bin/../lib/gcc/arm-none-eabi/7.3.1/../../../../arm-none-eabi/lib/thumb/v7-m/crt0.o (__libc_init_array)
c:/st/stm32cubeide_1.4.0/stm32cubeide/plugins/com.st.stm32cube.ide.mcu.externaltools.gnu-tools-for-stm32.7-2018-q2-update.win32_1.4.0.202007081208/tools/bin/../lib/gcc/arm-none-eabi/7.3.1/../../../../arm-none-eabi/lib/thumb/v7-m\libc_nano.a(lib_a-memset.o)
                              c:/st/stm32cubeide_1.4.0/stm32cubeide/plugins/com.st.stm32cube.ide.mcu.externaltools.gnu-tools-for-stm32.7-2018-q2-update.win32_1.4.0.202007081208/tools/bin/../lib/gcc/arm-none-eabi/7.3.1/../../../../arm-none-eabi/lib/thumb/v7-m/crt0.o (memset)

Allocating common symbols
Common symbol       size              file

GP_IRQ_Callback     0x40              MCAL/EXTI/EXTI_Driver.o
BRR                 0x4               MCAL/UART/UART.o
pclk                0x4               MCAL/UART/UART.o
UARTGlobalCfg       0xc               MCAL/UART/UART.o

Discarded input sections

 .text          0x0000000000000000        0x0 c:/st/stm32cubeide_1.4.0/stm32cubeide/plugins/com.st.stm32cube.ide.mcu.externaltools.gnu-tools-for-stm32.7-2018-q2-update.win32_1.4.0.202007081208/tools/bin/../lib/gcc/arm-none-eabi/7.3.1/thumb/v7-m/crti.o
 .data          0x0000000000000000        0x0 c:/st/stm32cubeide_1.4.0/stm32cubeide/plugins/com.st.stm32cube.ide.mcu.externaltools.gnu-tools-for-stm32.7-2018-q2-update.win32_1.4.0.202007081208/tools/bin/../lib/gcc/arm-none-eabi/7.3.1/thumb/v7-m/crti.o
 .bss           0x0000000000000000        0x0 c:/st/stm32cubeide_1.4.0/stm32cubeide/plugins/com.st.stm32cube.ide.mcu.externaltools.gnu-tools-for-stm32.7-2018-q2-update.win32_1.4.0.202007081208/tools/bin/../lib/gcc/arm-none-eabi/7.3.1/thumb/v7-m/crti.o
 .data          0x0000000000000000        0x4 c:/st/stm32cubeide_1.4.0/stm32cubeide/plugins/com.st.stm32cube.ide.mcu.externaltools.gnu-tools-for-stm32.7-2018-q2-update.win32_1.4.0.202007081208/tools/bin/../lib/gcc/arm-none-eabi/7.3.1/thumb/v7-m/crtbegin.o
 .text          0x0000000000000000       0x74 c:/st/stm32cubeide_1.4.0/stm32cubeide/plugins/com.st.stm32cube.ide.mcu.externaltools.gnu-tools-for-stm32.7-2018-q2-update.win32_1.4.0.202007081208/tools/bin/../lib/gcc/arm-none-eabi/7.3.1/../../../../arm-none-eabi/lib/thumb/v7-m/crt0.o
 .data          0x0000000000000000        0x0 c:/st/stm32cubeide_1.4.0/stm32cubeide/plugins/com.st.stm32cube.ide.mcu.externaltools.gnu-tools-for-stm32.7-2018-q2-update.win32_1.4.0.202007081208/tools/bin/../lib/gcc/arm-none-eabi/7.3.1/../../../../arm-none-eabi/lib/thumb/v7-m/crt0.o
 .bss           0x0000000000000000        0x0 c:/st/stm32cubeide_1.4.0/stm32cubeide/plugins/com.st.stm32cube.ide.mcu.externaltools.gnu-tools-for-stm32.7-2018-q2-update.win32_1.4.0.202007081208/tools/bin/../lib/gcc/arm-none-eabi/7.3.1/../../../../arm-none-eabi/lib/thumb/v7-m/crt0.o
 .ARM.extab     0x0000000000000000        0x0 c:/st/stm32cubeide_1.4.0/stm32cubeide/plugins/com.st.stm32cube.ide.mcu.externaltools.gnu-tools-for-stm32.7-2018-q2-update.win32_1.4.0.202007081208/tools/bin/../lib/gcc/arm-none-eabi/7.3.1/../../../../arm-none-eabi/lib/thumb/v7-m/crt0.o
 .ARM.exidx     0x0000000000000000        0x8 c:/st/stm32cubeide_1.4.0/stm32cubeide/plugins/com.st.stm32cube.ide.mcu.externaltools.gnu-tools-for-stm32.7-2018-q2-update.win32_1.4.0.202007081208/tools/bin/../lib/gcc/arm-none-eabi/7.3.1/../../../../arm-none-eabi/lib/thumb/v7-m/crt0.o
 .ARM.attributes
                0x0000000000000000       0x1b c:/st/stm32cubeide_1.4.0/stm32cubeide/plugins/com.st.stm32cube.ide.mcu.externaltools.gnu-tools-for-stm32.7-2018-q2-update.win32_1.4.0.202007081208/tools/bin/../lib/gcc/arm-none-eabi/7.3.1/../../../../arm-none-eabi/lib/thumb/v7-m/crt0.o
 .group         0x0000000000000000        0xc HAL/Keypad/Keypad.o
 .group         0x0000000000000000        0xc HAL/Keypad/Keypad.o
 .group         0x0000000000000000        0xc HAL/Keypad/Keypad.o
 .group         0x0000000000000000        0xc HAL/Keypad/Keypad.o
 .group         0x0000000000000000        0xc HAL/Keypad/Keypad.o
 .group         0x0000000000000000        0xc HAL/Keypad/Keypad.o
 .group         0x0000000000000000        0xc HAL/Keypad/Keypad.o
 .group         0x0000000000000000        0xc HAL/Keypad/Keypad.o
 .group         0x0000000000000000        0xc HAL/Keypad/Keypad.o
 .group         0x0000000000000000        0xc HAL/Keypad/Keypad.o
 .group         0x0000000000000000        0xc HAL/Keypad/Keypad.o
 .group         0x0000000000000000        0xc HAL/Keypad/Keypad.o
 .group         0x0000000000000000        0xc HAL/Keypad/Keypad.o
 .group         0x0000000000000000        0xc HAL/Keypad/Keypad.o
 .group         0x0000000000000000        0xc HAL/Keypad/Keypad.o
 .group         0x0000000000000000        0xc HAL/Keypad/Keypad.o
 .group         0x0000000000000000        0xc HAL/Keypad/Keypad.o
 .group         0x0000000000000000        0xc HAL/Keypad/Keypad.o
 .group         0x0000000000000000        0xc HAL/Keypad/Keypad.o
 .group         0x0000000000000000        0xc HAL/Keypad/Keypad.o
 .group         0x0000000000000000        0xc HAL/Keypad/Keypad.o
 .group         0x0000000000000000        0xc HAL/Keypad/Keypad.o
 .group         0x0000000000000000        0xc HAL/Keypad/Keypad.o
 .group         0x0000000000000000        0xc HAL/Keypad/Keypad.o
 .group         0x0000000000000000        0xc HAL/Keypad/Keypad.o
 .text          0x0000000000000000        0x0 HAL/Keypad/Keypad.o
 .data          0x0000000000000000        0x0 HAL/Keypad/Keypad.o
 .bss           0x0000000000000000        0x0 HAL/Keypad/Keypad.o
 .data.keypadRow
                0x0000000000000000        0x8 HAL/Keypad/Keypad.o
 .data.keypadCol
                0x0000000000000000        0x8 HAL/Keypad/Keypad.o
 .text.Keypad_Init
                0x0000000000000000       0xd0 HAL/Keypad/Keypad.o
 .text.Keypad_GetChar
                0x0000000000000000      0x188 HAL/Keypad/Keypad.o
 .debug_info    0x0000000000000000      0xb09 HAL/Keypad/Keypad.o
 .debug_abbrev  0x0000000000000000      0x1b9 HAL/Keypad/Keypad.o
 .debug_loc     0x0000000000000000       0xa0 HAL/Keypad/Keypad.o
 .debug_aranges
                0x0000000000000000       0x28 HAL/Keypad/Keypad.o
 .debug_ranges  0x0000000000000000       0x18 HAL/Keypad/Keypad.o
 .debug_macro   0x0000000000000000      0x14e HAL/Keypad/Keypad.o
 .debug_macro   0x0000000000000000      0xa60 HAL/Keypad/Keypad.o
 .debug_macro   0x0000000000000000       0x18 HAL/Keypad/Keypad.o
 .debug_macro   0x0000000000000000       0x22 HAL/Keypad/Keypad.o
 .debug_macro   0x0000000000000000       0x40 HAL/Keypad/Keypad.o
 .debug_macro   0x0000000000000000       0x94 HAL/Keypad/Keypad.o
 .debug_macro   0x0000000000000000       0x3c HAL/Keypad/Keypad.o
 .debug_macro   0x0000000000000000       0x34 HAL/Keypad/Keypad.o
 .debug_macro   0x0000000000000000       0x16 HAL/Keypad/Keypad.o
 .debug_macro   0x0000000000000000      0x10e HAL/Keypad/Keypad.o
 .debug_macro   0x0000000000000000       0x8d HAL/Keypad/Keypad.o
 .debug_macro   0x0000000000000000       0x57 HAL/Keypad/Keypad.o
 .debug_macro   0x0000000000000000       0x52 HAL/Keypad/Keypad.o
 .debug_macro   0x0000000000000000       0x1f HAL/Keypad/Keypad.o
 .debug_macro   0x0000000000000000       0x43 HAL/Keypad/Keypad.o
 .debug_macro   0x0000000000000000       0x20 HAL/Keypad/Keypad.o
 .debug_macro   0x0000000000000000      0x1a3 HAL/Keypad/Keypad.o
 .debug_macro   0x0000000000000000      0x330 HAL/Keypad/Keypad.o
 .debug_macro   0x0000000000000000       0x16 HAL/Keypad/Keypad.o
 .debug_macro   0x0000000000000000       0x29 HAL/Keypad/Keypad.o
 .debug_macro   0x0000000000000000       0xef HAL/Keypad/Keypad.o
 .debug_macro   0x0000000000000000       0x6a HAL/Keypad/Keypad.o
 .debug_macro   0x0000000000000000      0x1df HAL/Keypad/Keypad.o
 .debug_macro   0x0000000000000000      0x240 HAL/Keypad/Keypad.o
 .debug_macro   0x0000000000000000       0xd6 HAL/Keypad/Keypad.o
 .debug_macro   0x0000000000000000       0x3a HAL/Keypad/Keypad.o
 .debug_line    0x0000000000000000      0x63d HAL/Keypad/Keypad.o
 .debug_str     0x0000000000000000     0x800b HAL/Keypad/Keypad.o
 .comment       0x0000000000000000       0x7c HAL/Keypad/Keypad.o
 .debug_frame   0x0000000000000000       0x58 HAL/Keypad/Keypad.o
 .ARM.attributes
                0x0000000000000000       0x33 HAL/Keypad/Keypad.o
 .group         0x0000000000000000        0xc HAL/LCD/LCD.o
 .group         0x0000000000000000        0xc HAL/LCD/LCD.o
 .group         0x0000000000000000        0xc HAL/LCD/LCD.o
 .group         0x0000000000000000        0xc HAL/LCD/LCD.o
 .group         0x0000000000000000        0xc HAL/LCD/LCD.o
 .group         0x0000000000000000        0xc HAL/LCD/LCD.o
 .group         0x0000000000000000        0xc HAL/LCD/LCD.o
 .group         0x0000000000000000        0xc HAL/LCD/LCD.o
 .group         0x0000000000000000        0xc HAL/LCD/LCD.o
 .group         0x0000000000000000        0xc HAL/LCD/LCD.o
 .group         0x0000000000000000        0xc HAL/LCD/LCD.o
 .group         0x0000000000000000        0xc HAL/LCD/LCD.o
 .group         0x0000000000000000        0xc HAL/LCD/LCD.o
 .group         0x0000000000000000        0xc HAL/LCD/LCD.o
 .group         0x0000000000000000        0xc HAL/LCD/LCD.o
 .group         0x0000000000000000        0xc HAL/LCD/LCD.o
 .group         0x0000000000000000        0xc HAL/LCD/LCD.o
 .group         0x0000000000000000        0xc HAL/LCD/LCD.o
 .group         0x0000000000000000        0xc HAL/LCD/LCD.o
 .group         0x0000000000000000        0xc HAL/LCD/LCD.o
 .group         0x0000000000000000        0xc HAL/LCD/LCD.o
 .group         0x0000000000000000        0xc HAL/LCD/LCD.o
 .group         0x0000000000000000        0xc HAL/LCD/LCD.o
 .group         0x0000000000000000        0xc HAL/LCD/LCD.o
 .group         0x0000000000000000        0xc HAL/LCD/LCD.o
 .text          0x0000000000000000        0x0 HAL/LCD/LCD.o
 .data          0x0000000000000000        0x0 HAL/LCD/LCD.o
 .bss           0x0000000000000000        0x0 HAL/LCD/LCD.o
 .text.fallingEdge
                0x0000000000000000       0x30 HAL/LCD/LCD.o
 .text.lcdGotoXY
                0x0000000000000000       0x3e HAL/LCD/LCD.o
 .text.sendChar
                0x0000000000000000       0x44 HAL/LCD/LCD.o
 .text.sendStr  0x0000000000000000       0x8c HAL/LCD/LCD.o
 .text.sendCommand
                0x0000000000000000       0x44 HAL/LCD/LCD.o
 .text.LCDInit  0x0000000000000000       0x42 HAL/LCD/LCD.o
 .text.displayClear
                0x0000000000000000        0xe HAL/LCD/LCD.o
 .debug_info    0x0000000000000000      0xb43 HAL/LCD/LCD.o
 .debug_abbrev  0x0000000000000000      0x1b5 HAL/LCD/LCD.o
 .debug_loc     0x0000000000000000      0x1c4 HAL/LCD/LCD.o
 .debug_aranges
                0x0000000000000000       0x50 HAL/LCD/LCD.o
 .debug_ranges  0x0000000000000000       0x40 HAL/LCD/LCD.o
 .debug_macro   0x0000000000000000      0x148 HAL/LCD/LCD.o
 .debug_macro   0x0000000000000000      0xa60 HAL/LCD/LCD.o
 .debug_macro   0x0000000000000000       0x18 HAL/LCD/LCD.o
 .debug_macro   0x0000000000000000       0x22 HAL/LCD/LCD.o
 .debug_macro   0x0000000000000000       0x40 HAL/LCD/LCD.o
 .debug_macro   0x0000000000000000       0x94 HAL/LCD/LCD.o
 .debug_macro   0x0000000000000000       0x3c HAL/LCD/LCD.o
 .debug_macro   0x0000000000000000       0x34 HAL/LCD/LCD.o
 .debug_macro   0x0000000000000000       0x16 HAL/LCD/LCD.o
 .debug_macro   0x0000000000000000      0x10e HAL/LCD/LCD.o
 .debug_macro   0x0000000000000000       0x8d HAL/LCD/LCD.o
 .debug_macro   0x0000000000000000       0x57 HAL/LCD/LCD.o
 .debug_macro   0x0000000000000000       0x52 HAL/LCD/LCD.o
 .debug_macro   0x0000000000000000       0x1f HAL/LCD/LCD.o
 .debug_macro   0x0000000000000000       0x43 HAL/LCD/LCD.o
 .debug_macro   0x0000000000000000       0x20 HAL/LCD/LCD.o
 .debug_macro   0x0000000000000000      0x1a3 HAL/LCD/LCD.o
 .debug_macro   0x0000000000000000      0x330 HAL/LCD/LCD.o
 .debug_macro   0x0000000000000000       0x16 HAL/LCD/LCD.o
 .debug_macro   0x0000000000000000       0x29 HAL/LCD/LCD.o
 .debug_macro   0x0000000000000000       0xef HAL/LCD/LCD.o
 .debug_macro   0x0000000000000000       0x6a HAL/LCD/LCD.o
 .debug_macro   0x0000000000000000      0x1df HAL/LCD/LCD.o
 .debug_macro   0x0000000000000000      0x240 HAL/LCD/LCD.o
 .debug_macro   0x0000000000000000       0x8e HAL/LCD/LCD.o
 .debug_macro   0x0000000000000000       0xdc HAL/LCD/LCD.o
 .debug_line    0x0000000000000000      0x5e3 HAL/LCD/LCD.o
 .debug_str     0x0000000000000000     0x814e HAL/LCD/LCD.o
 .comment       0x0000000000000000       0x7c HAL/LCD/LCD.o
 .debug_frame   0x0000000000000000       0xf4 HAL/LCD/LCD.o
 .ARM.attributes
                0x0000000000000000       0x33 HAL/LCD/LCD.o
 .group         0x0000000000000000        0xc MCAL/EXTI/EXTI_Driver.o
 .group         0x0000000000000000        0xc MCAL/EXTI/EXTI_Driver.o
 .group         0x0000000000000000        0xc MCAL/EXTI/EXTI_Driver.o
 .group         0x0000000000000000        0xc MCAL/EXTI/EXTI_Driver.o
 .group         0x0000000000000000        0xc MCAL/EXTI/EXTI_Driver.o
 .group         0x0000000000000000        0xc MCAL/EXTI/EXTI_Driver.o
 .group         0x0000000000000000        0xc MCAL/EXTI/EXTI_Driver.o
 .group         0x0000000000000000        0xc MCAL/EXTI/EXTI_Driver.o
 .group         0x0000000000000000        0xc MCAL/EXTI/EXTI_Driver.o
 .group         0x0000000000000000        0xc MCAL/EXTI/EXTI_Driver.o
 .group         0x0000000000000000        0xc MCAL/EXTI/EXTI_Driver.o
 .group         0x0000000000000000        0xc MCAL/EXTI/EXTI_Driver.o
 .group         0x0000000000000000        0xc MCAL/EXTI/EXTI_Driver.o
 .group         0x0000000000000000        0xc MCAL/EXTI/EXTI_Driver.o
 .group         0x0000000000000000        0xc MCAL/EXTI/EXTI_Driver.o
 .group         0x0000000000000000        0xc MCAL/EXTI/EXTI_Driver.o
 .group         0x0000000000000000        0xc MCAL/EXTI/EXTI_Driver.o
 .group         0x0000000000000000        0xc MCAL/EXTI/EXTI_Driver.o
 .group         0x0000000000000000        0xc MCAL/EXTI/EXTI_Driver.o
 .group         0x0000000000000000        0xc MCAL/EXTI/EXTI_Driver.o
 .group         0x0000000000000000        0xc MCAL/EXTI/EXTI_Driver.o
 .group         0x0000000000000000        0xc MCAL/EXTI/EXTI_Driver.o
 .group         0x0000000000000000        0xc MCAL/EXTI/EXTI_Driver.o
 .group         0x0000000000000000        0xc MCAL/EXTI/EXTI_Driver.o
 .group         0x0000000000000000        0xc MCAL/EXTI/EXTI_Driver.o
 .text          0x0000000000000000        0x0 MCAL/EXTI/EXTI_Driver.o
 .data          0x0000000000000000        0x0 MCAL/EXTI/EXTI_Driver.o
 .bss           0x0000000000000000        0x0 MCAL/EXTI/EXTI_Driver.o
 .text.Enable_NVIC
                0x0000000000000000       0xc8 MCAL/EXTI/EXTI_Driver.o
 .text.Disable_NVIC
                0x0000000000000000       0xc8 MCAL/EXTI/EXTI_Driver.o
 .text.Update_EXTI
                0x0000000000000000      0x1d4 MCAL/EXTI/EXTI_Driver.o
 .text.MCAL_EXTI_GPIO_DeInit
                0x0000000000000000       0x94 MCAL/EXTI/EXTI_Driver.o
 .text.MCAL_EXTI_GPIO_Init
                0x0000000000000000       0x16 MCAL/EXTI/EXTI_Driver.o
 .text.MCAL_EXTI_GPIO_Update
                0x0000000000000000       0x16 MCAL/EXTI/EXTI_Driver.o
 .debug_macro   0x0000000000000000      0xa60 MCAL/EXTI/EXTI_Driver.o
 .debug_macro   0x0000000000000000       0x18 MCAL/EXTI/EXTI_Driver.o
 .debug_macro   0x0000000000000000       0x22 MCAL/EXTI/EXTI_Driver.o
 .debug_macro   0x0000000000000000       0x40 MCAL/EXTI/EXTI_Driver.o
 .debug_macro   0x0000000000000000       0x94 MCAL/EXTI/EXTI_Driver.o
 .debug_macro   0x0000000000000000       0x3c MCAL/EXTI/EXTI_Driver.o
 .debug_macro   0x0000000000000000       0x34 MCAL/EXTI/EXTI_Driver.o
 .debug_macro   0x0000000000000000       0x16 MCAL/EXTI/EXTI_Driver.o
 .debug_macro   0x0000000000000000      0x10e MCAL/EXTI/EXTI_Driver.o
 .debug_macro   0x0000000000000000       0x8d MCAL/EXTI/EXTI_Driver.o
 .debug_macro   0x0000000000000000       0x57 MCAL/EXTI/EXTI_Driver.o
 .debug_macro   0x0000000000000000       0x52 MCAL/EXTI/EXTI_Driver.o
 .debug_macro   0x0000000000000000       0x1f MCAL/EXTI/EXTI_Driver.o
 .debug_macro   0x0000000000000000       0x43 MCAL/EXTI/EXTI_Driver.o
 .debug_macro   0x0000000000000000       0x20 MCAL/EXTI/EXTI_Driver.o
 .debug_macro   0x0000000000000000      0x1a3 MCAL/EXTI/EXTI_Driver.o
 .debug_macro   0x0000000000000000      0x330 MCAL/EXTI/EXTI_Driver.o
 .debug_macro   0x0000000000000000       0x16 MCAL/EXTI/EXTI_Driver.o
 .debug_macro   0x0000000000000000       0x29 MCAL/EXTI/EXTI_Driver.o
 .debug_macro   0x0000000000000000       0xef MCAL/EXTI/EXTI_Driver.o
 .debug_macro   0x0000000000000000       0x6a MCAL/EXTI/EXTI_Driver.o
 .debug_macro   0x0000000000000000      0x1df MCAL/EXTI/EXTI_Driver.o
 .debug_macro   0x0000000000000000      0x240 MCAL/EXTI/EXTI_Driver.o
 .debug_macro   0x0000000000000000       0xdc MCAL/EXTI/EXTI_Driver.o
 .group         0x0000000000000000        0xc MCAL/GPIO/GPIO_Driver.o
 .group         0x0000000000000000        0xc MCAL/GPIO/GPIO_Driver.o
 .group         0x0000000000000000        0xc MCAL/GPIO/GPIO_Driver.o
 .group         0x0000000000000000        0xc MCAL/GPIO/GPIO_Driver.o
 .group         0x0000000000000000        0xc MCAL/GPIO/GPIO_Driver.o
 .group         0x0000000000000000        0xc MCAL/GPIO/GPIO_Driver.o
 .group         0x0000000000000000        0xc MCAL/GPIO/GPIO_Driver.o
 .group         0x0000000000000000        0xc MCAL/GPIO/GPIO_Driver.o
 .group         0x0000000000000000        0xc MCAL/GPIO/GPIO_Driver.o
 .group         0x0000000000000000        0xc MCAL/GPIO/GPIO_Driver.o
 .group         0x0000000000000000        0xc MCAL/GPIO/GPIO_Driver.o
 .group         0x0000000000000000        0xc MCAL/GPIO/GPIO_Driver.o
 .group         0x0000000000000000        0xc MCAL/GPIO/GPIO_Driver.o
 .group         0x0000000000000000        0xc MCAL/GPIO/GPIO_Driver.o
 .group         0x0000000000000000        0xc MCAL/GPIO/GPIO_Driver.o
 .group         0x0000000000000000        0xc MCAL/GPIO/GPIO_Driver.o
 .group         0x0000000000000000        0xc MCAL/GPIO/GPIO_Driver.o
 .group         0x0000000000000000        0xc MCAL/GPIO/GPIO_Driver.o
 .group         0x0000000000000000        0xc MCAL/GPIO/GPIO_Driver.o
 .group         0x0000000000000000        0xc MCAL/GPIO/GPIO_Driver.o
 .group         0x0000000000000000        0xc MCAL/GPIO/GPIO_Driver.o
 .group         0x0000000000000000        0xc MCAL/GPIO/GPIO_Driver.o
 .group         0x0000000000000000        0xc MCAL/GPIO/GPIO_Driver.o
 .group         0x0000000000000000        0xc MCAL/GPIO/GPIO_Driver.o
 .text          0x0000000000000000        0x0 MCAL/GPIO/GPIO_Driver.o
 .data          0x0000000000000000        0x0 MCAL/GPIO/GPIO_Driver.o
 .bss           0x0000000000000000        0x0 MCAL/GPIO/GPIO_Driver.o
 .text.MCAL_GPIO_DeInit
                0x0000000000000000       0xd4 MCAL/GPIO/GPIO_Driver.o
 .text.MCAL_GPIO_ReadPin
                0x0000000000000000       0x28 MCAL/GPIO/GPIO_Driver.o
 .text.MCAL_GPIO_ReadPort
                0x0000000000000000       0x18 MCAL/GPIO/GPIO_Driver.o
 .text.MCAL_GPIO_WritePin
                0x0000000000000000       0x3c MCAL/GPIO/GPIO_Driver.o
 .text.MCAL_GPIO_WritePort
                0x0000000000000000       0x1c MCAL/GPIO/GPIO_Driver.o
 .text.MCAL_GPIO_TogglePin
                0x0000000000000000       0x22 MCAL/GPIO/GPIO_Driver.o
 .text.MCAL_GPIO_LockPin
                0x0000000000000000       0x48 MCAL/GPIO/GPIO_Driver.o
 .text.wait     0x0000000000000000       0x38 MCAL/GPIO/GPIO_Driver.o
 .debug_macro   0x0000000000000000      0xa60 MCAL/GPIO/GPIO_Driver.o
 .debug_macro   0x0000000000000000       0x18 MCAL/GPIO/GPIO_Driver.o
 .debug_macro   0x0000000000000000       0x22 MCAL/GPIO/GPIO_Driver.o
 .debug_macro   0x0000000000000000       0x40 MCAL/GPIO/GPIO_Driver.o
 .debug_macro   0x0000000000000000       0x94 MCAL/GPIO/GPIO_Driver.o
 .debug_macro   0x0000000000000000       0x3c MCAL/GPIO/GPIO_Driver.o
 .debug_macro   0x0000000000000000       0x34 MCAL/GPIO/GPIO_Driver.o
 .debug_macro   0x0000000000000000       0x16 MCAL/GPIO/GPIO_Driver.o
 .debug_macro   0x0000000000000000      0x10e MCAL/GPIO/GPIO_Driver.o
 .debug_macro   0x0000000000000000       0x8d MCAL/GPIO/GPIO_Driver.o
 .debug_macro   0x0000000000000000       0x57 MCAL/GPIO/GPIO_Driver.o
 .debug_macro   0x0000000000000000       0x52 MCAL/GPIO/GPIO_Driver.o
 .debug_macro   0x0000000000000000       0x1f MCAL/GPIO/GPIO_Driver.o
 .debug_macro   0x0000000000000000       0x43 MCAL/GPIO/GPIO_Driver.o
 .debug_macro   0x0000000000000000       0x20 MCAL/GPIO/GPIO_Driver.o
 .debug_macro   0x0000000000000000      0x1a3 MCAL/GPIO/GPIO_Driver.o
 .debug_macro   0x0000000000000000      0x330 MCAL/GPIO/GPIO_Driver.o
 .debug_macro   0x0000000000000000       0x16 MCAL/GPIO/GPIO_Driver.o
 .debug_macro   0x0000000000000000       0x29 MCAL/GPIO/GPIO_Driver.o
 .debug_macro   0x0000000000000000       0xef MCAL/GPIO/GPIO_Driver.o
 .debug_macro   0x0000000000000000       0x6a MCAL/GPIO/GPIO_Driver.o
 .debug_macro   0x0000000000000000      0x1df MCAL/GPIO/GPIO_Driver.o
 .debug_macro   0x0000000000000000      0x240 MCAL/GPIO/GPIO_Driver.o
 .debug_macro   0x0000000000000000       0xd6 MCAL/GPIO/GPIO_Driver.o
 .group         0x0000000000000000        0xc MCAL/RCC/RCC.o
 .group         0x0000000000000000        0xc MCAL/RCC/RCC.o
 .group         0x0000000000000000        0xc MCAL/RCC/RCC.o
 .group         0x0000000000000000        0xc MCAL/RCC/RCC.o
 .group         0x0000000000000000        0xc MCAL/RCC/RCC.o
 .group         0x0000000000000000        0xc MCAL/RCC/RCC.o
 .group         0x0000000000000000        0xc MCAL/RCC/RCC.o
 .group         0x0000000000000000        0xc MCAL/RCC/RCC.o
 .group         0x0000000000000000        0xc MCAL/RCC/RCC.o
 .group         0x0000000000000000        0xc MCAL/RCC/RCC.o
 .group         0x0000000000000000        0xc MCAL/RCC/RCC.o
 .group         0x0000000000000000        0xc MCAL/RCC/RCC.o
 .group         0x0000000000000000        0xc MCAL/RCC/RCC.o
 .group         0x0000000000000000        0xc MCAL/RCC/RCC.o
 .group         0x0000000000000000        0xc MCAL/RCC/RCC.o
 .group         0x0000000000000000        0xc MCAL/RCC/RCC.o
 .group         0x0000000000000000        0xc MCAL/RCC/RCC.o
 .group         0x0000000000000000        0xc MCAL/RCC/RCC.o
 .group         0x0000000000000000        0xc MCAL/RCC/RCC.o
 .group         0x0000000000000000        0xc MCAL/RCC/RCC.o
 .group         0x0000000000000000        0xc MCAL/RCC/RCC.o
 .group         0x0000000000000000        0xc MCAL/RCC/RCC.o
 .group         0x0000000000000000        0xc MCAL/RCC/RCC.o
 .group         0x0000000000000000        0xc MCAL/RCC/RCC.o
 .group         0x0000000000000000        0xc MCAL/RCC/RCC.o
 .text          0x0000000000000000        0x0 MCAL/RCC/RCC.o
 .data          0x0000000000000000        0x0 MCAL/RCC/RCC.o
 .bss           0x0000000000000000        0x0 MCAL/RCC/RCC.o
 .debug_macro   0x0000000000000000      0xa60 MCAL/RCC/RCC.o
 .debug_macro   0x0000000000000000       0x18 MCAL/RCC/RCC.o
 .debug_macro   0x0000000000000000       0x22 MCAL/RCC/RCC.o
 .debug_macro   0x0000000000000000       0x40 MCAL/RCC/RCC.o
 .debug_macro   0x0000000000000000       0x94 MCAL/RCC/RCC.o
 .debug_macro   0x0000000000000000       0x3c MCAL/RCC/RCC.o
 .debug_macro   0x0000000000000000       0x34 MCAL/RCC/RCC.o
 .debug_macro   0x0000000000000000       0x16 MCAL/RCC/RCC.o
 .debug_macro   0x0000000000000000      0x10e MCAL/RCC/RCC.o
 .debug_macro   0x0000000000000000       0x8d MCAL/RCC/RCC.o
 .debug_macro   0x0000000000000000       0x57 MCAL/RCC/RCC.o
 .debug_macro   0x0000000000000000       0x52 MCAL/RCC/RCC.o
 .debug_macro   0x0000000000000000       0x1f MCAL/RCC/RCC.o
 .debug_macro   0x0000000000000000       0x43 MCAL/RCC/RCC.o
 .debug_macro   0x0000000000000000       0x20 MCAL/RCC/RCC.o
 .debug_macro   0x0000000000000000      0x1a3 MCAL/RCC/RCC.o
 .debug_macro   0x0000000000000000      0x330 MCAL/RCC/RCC.o
 .debug_macro   0x0000000000000000       0x16 MCAL/RCC/RCC.o
 .debug_macro   0x0000000000000000       0x29 MCAL/RCC/RCC.o
 .debug_macro   0x0000000000000000       0xef MCAL/RCC/RCC.o
 .debug_macro   0x0000000000000000       0x6a MCAL/RCC/RCC.o
 .debug_macro   0x0000000000000000      0x1df MCAL/RCC/RCC.o
 .debug_macro   0x0000000000000000      0x240 MCAL/RCC/RCC.o
 .debug_macro   0x0000000000000000       0xdc MCAL/RCC/RCC.o
 .group         0x0000000000000000        0xc MCAL/UART/UART.o
 .group         0x0000000000000000        0xc MCAL/UART/UART.o
 .group         0x0000000000000000        0xc MCAL/UART/UART.o
 .group         0x0000000000000000        0xc MCAL/UART/UART.o
 .group         0x0000000000000000        0xc MCAL/UART/UART.o
 .group         0x0000000000000000        0xc MCAL/UART/UART.o
 .group         0x0000000000000000        0xc MCAL/UART/UART.o
 .group         0x0000000000000000        0xc MCAL/UART/UART.o
 .group         0x0000000000000000        0xc MCAL/UART/UART.o
 .group         0x0000000000000000        0xc MCAL/UART/UART.o
 .group         0x0000000000000000        0xc MCAL/UART/UART.o
 .group         0x0000000000000000        0xc MCAL/UART/UART.o
 .group         0x0000000000000000        0xc MCAL/UART/UART.o
 .group         0x0000000000000000        0xc MCAL/UART/UART.o
 .group         0x0000000000000000        0xc MCAL/UART/UART.o
 .group         0x0000000000000000        0xc MCAL/UART/UART.o
 .group         0x0000000000000000        0xc MCAL/UART/UART.o
 .group         0x0000000000000000        0xc MCAL/UART/UART.o
 .group         0x0000000000000000        0xc MCAL/UART/UART.o
 .group         0x0000000000000000        0xc MCAL/UART/UART.o
 .group         0x0000000000000000        0xc MCAL/UART/UART.o
 .group         0x0000000000000000        0xc MCAL/UART/UART.o
 .group         0x0000000000000000        0xc MCAL/UART/UART.o
 .group         0x0000000000000000        0xc MCAL/UART/UART.o
 .group         0x0000000000000000        0xc MCAL/UART/UART.o
 .group         0x0000000000000000        0xc MCAL/UART/UART.o
 .text          0x0000000000000000        0x0 MCAL/UART/UART.o
 .data          0x0000000000000000        0x0 MCAL/UART/UART.o
 .bss           0x0000000000000000        0x0 MCAL/UART/UART.o
 .text.MCAL_UART_DeInit
                0x0000000000000000       0x8c MCAL/UART/UART.o
 .text.MCAL_UART_Wait_TC
                0x0000000000000000       0x20 MCAL/UART/UART.o
 .debug_macro   0x0000000000000000      0xa60 MCAL/UART/UART.o
 .debug_macro   0x0000000000000000       0x18 MCAL/UART/UART.o
 .debug_macro   0x0000000000000000       0x22 MCAL/UART/UART.o
 .debug_macro   0x0000000000000000       0x40 MCAL/UART/UART.o
 .debug_macro   0x0000000000000000       0x94 MCAL/UART/UART.o
 .debug_macro   0x0000000000000000       0x3c MCAL/UART/UART.o
 .debug_macro   0x0000000000000000       0x34 MCAL/UART/UART.o
 .debug_macro   0x0000000000000000       0x16 MCAL/UART/UART.o
 .debug_macro   0x0000000000000000      0x10e MCAL/UART/UART.o
 .debug_macro   0x0000000000000000       0x8d MCAL/UART/UART.o
 .debug_macro   0x0000000000000000       0x57 MCAL/UART/UART.o
 .debug_macro   0x0000000000000000       0x52 MCAL/UART/UART.o
 .debug_macro   0x0000000000000000       0x1f MCAL/UART/UART.o
 .debug_macro   0x0000000000000000       0x43 MCAL/UART/UART.o
 .debug_macro   0x0000000000000000       0x20 MCAL/UART/UART.o
 .debug_macro   0x0000000000000000      0x1a3 MCAL/UART/UART.o
 .debug_macro   0x0000000000000000      0x330 MCAL/UART/UART.o
 .debug_macro   0x0000000000000000       0x16 MCAL/UART/UART.o
 .debug_macro   0x0000000000000000       0x29 MCAL/UART/UART.o
 .debug_macro   0x0000000000000000       0xef MCAL/UART/UART.o
 .debug_macro   0x0000000000000000       0x6a MCAL/UART/UART.o
 .debug_macro   0x0000000000000000      0x1df MCAL/UART/UART.o
 .debug_macro   0x0000000000000000      0x240 MCAL/UART/UART.o
 .debug_macro   0x0000000000000000       0xdc MCAL/UART/UART.o
 .group         0x0000000000000000        0xc Src/main.o
 .group         0x0000000000000000        0xc Src/main.o
 .group         0x0000000000000000        0xc Src/main.o
 .group         0x0000000000000000        0xc Src/main.o
 .group         0x0000000000000000        0xc Src/main.o
 .group         0x0000000000000000        0xc Src/main.o
 .group         0x0000000000000000        0xc Src/main.o
 .group         0x0000000000000000        0xc Src/main.o
 .group         0x0000000000000000        0xc Src/main.o
 .group         0x0000000000000000        0xc Src/main.o
 .group         0x0000000000000000        0xc Src/main.o
 .group         0x0000000000000000        0xc Src/main.o
 .group         0x0000000000000000        0xc Src/main.o
 .group         0x0000000000000000        0xc Src/main.o
 .group         0x0000000000000000        0xc Src/main.o
 .group         0x0000000000000000        0xc Src/main.o
 .group         0x0000000000000000        0xc Src/main.o
 .group         0x0000000000000000        0xc Src/main.o
 .group         0x0000000000000000        0xc Src/main.o
 .group         0x0000000000000000        0xc Src/main.o
 .group         0x0000000000000000        0xc Src/main.o
 .group         0x0000000000000000        0xc Src/main.o
 .group         0x0000000000000000        0xc Src/main.o
 .group         0x0000000000000000        0xc Src/main.o
 .group         0x0000000000000000        0xc Src/main.o
 .group         0x0000000000000000        0xc Src/main.o
 .group         0x0000000000000000        0xc Src/main.o
 .group         0x0000000000000000        0xc Src/main.o
 .group         0x0000000000000000        0xc Src/main.o
 .text          0x0000000000000000        0x0 Src/main.o
 .data          0x0000000000000000        0x0 Src/main.o
 .bss           0x0000000000000000        0x0 Src/main.o
 .debug_macro   0x0000000000000000      0xa60 Src/main.o
 .debug_macro   0x0000000000000000       0x18 Src/main.o
 .debug_macro   0x0000000000000000       0x22 Src/main.o
 .debug_macro   0x0000000000000000       0x40 Src/main.o
 .debug_macro   0x0000000000000000       0x94 Src/main.o
 .debug_macro   0x0000000000000000       0x3c Src/main.o
 .debug_macro   0x0000000000000000       0x34 Src/main.o
 .debug_macro   0x0000000000000000       0x16 Src/main.o
 .debug_macro   0x0000000000000000      0x10e Src/main.o
 .debug_macro   0x0000000000000000       0x8d Src/main.o
 .debug_macro   0x0000000000000000       0x57 Src/main.o
 .debug_macro   0x0000000000000000       0x52 Src/main.o
 .debug_macro   0x0000000000000000       0x1f Src/main.o
 .debug_macro   0x0000000000000000       0x43 Src/main.o
 .debug_macro   0x0000000000000000       0x20 Src/main.o
 .debug_macro   0x0000000000000000      0x1a3 Src/main.o
 .debug_macro   0x0000000000000000      0x330 Src/main.o
 .debug_macro   0x0000000000000000       0x16 Src/main.o
 .debug_macro   0x0000000000000000       0x29 Src/main.o
 .debug_macro   0x0000000000000000       0xef Src/main.o
 .debug_macro   0x0000000000000000       0x6a Src/main.o
 .debug_macro   0x0000000000000000      0x1df Src/main.o
 .debug_macro   0x0000000000000000      0x240 Src/main.o
 .debug_macro   0x0000000000000000       0xdc Src/main.o
 .debug_macro   0x0000000000000000       0x16 Src/main.o
 .group         0x0000000000000000        0xc Src/syscalls.o
 .group         0x0000000000000000        0xc Src/syscalls.o
 .group         0x0000000000000000        0xc Src/syscalls.o
 .group         0x0000000000000000        0xc Src/syscalls.o
 .group         0x0000000000000000        0xc Src/syscalls.o
 .group         0x0000000000000000        0xc Src/syscalls.o
 .group         0x0000000000000000        0xc Src/syscalls.o
 .group         0x0000000000000000        0xc Src/syscalls.o
 .group         0x0000000000000000        0xc Src/syscalls.o
 .group         0x0000000000000000        0xc Src/syscalls.o
 .group         0x0000000000000000        0xc Src/syscalls.o
 .group         0x0000000000000000        0xc Src/syscalls.o
 .group         0x0000000000000000        0xc Src/syscalls.o
 .group         0x0000000000000000        0xc Src/syscalls.o
 .group         0x0000000000000000        0xc Src/syscalls.o
 .group         0x0000000000000000        0xc Src/syscalls.o
 .group         0x0000000000000000        0xc Src/syscalls.o
 .group         0x0000000000000000        0xc Src/syscalls.o
 .group         0x0000000000000000        0xc Src/syscalls.o
 .group         0x0000000000000000        0xc Src/syscalls.o
 .group         0x0000000000000000        0xc Src/syscalls.o
 .group         0x0000000000000000        0xc Src/syscalls.o
 .group         0x0000000000000000        0xc Src/syscalls.o
 .group         0x0000000000000000        0xc Src/syscalls.o
 .group         0x0000000000000000        0xc Src/syscalls.o
 .group         0x0000000000000000        0xc Src/syscalls.o
 .group         0x0000000000000000        0xc Src/syscalls.o
 .group         0x0000000000000000        0xc Src/syscalls.o
 .group         0x0000000000000000        0xc Src/syscalls.o
 .group         0x0000000000000000        0xc Src/syscalls.o
 .group         0x0000000000000000        0xc Src/syscalls.o
 .group         0x0000000000000000        0xc Src/syscalls.o
 .group         0x0000000000000000        0xc Src/syscalls.o
 .group         0x0000000000000000        0xc Src/syscalls.o
 .group         0x0000000000000000        0xc Src/syscalls.o
 .group         0x0000000000000000        0xc Src/syscalls.o
 .group         0x0000000000000000        0xc Src/syscalls.o
 .group         0x0000000000000000        0xc Src/syscalls.o
 .group         0x0000000000000000        0xc Src/syscalls.o
 .group         0x0000000000000000        0xc Src/syscalls.o
 .group         0x0000000000000000        0xc Src/syscalls.o
 .group         0x0000000000000000        0xc Src/syscalls.o
 .group         0x0000000000000000        0xc Src/syscalls.o
 .group         0x0000000000000000        0xc Src/syscalls.o
 .text          0x0000000000000000        0x0 Src/syscalls.o
 .data          0x0000000000000000        0x0 Src/syscalls.o
 .bss           0x0000000000000000        0x0 Src/syscalls.o
 .bss.__env     0x0000000000000000        0x4 Src/syscalls.o
 .data.environ  0x0000000000000000        0x4 Src/syscalls.o
 .text.initialise_monitor_handles
                0x0000000000000000        0xc Src/syscalls.o
 .text._getpid  0x0000000000000000        0xe Src/syscalls.o
 .text._kill    0x0000000000000000       0x20 Src/syscalls.o
 .text._exit    0x0000000000000000       0x14 Src/syscalls.o
 .text._read    0x0000000000000000       0x3a Src/syscalls.o
 .text._write   0x0000000000000000       0x38 Src/syscalls.o
 .text._close   0x0000000000000000       0x16 Src/syscalls.o
 .text._fstat   0x0000000000000000       0x1e Src/syscalls.o
 .text._isatty  0x0000000000000000       0x14 Src/syscalls.o
 .text._lseek   0x0000000000000000       0x18 Src/syscalls.o
 .text._open    0x0000000000000000       0x1a Src/syscalls.o
 .text._wait    0x0000000000000000       0x1e Src/syscalls.o
 .text._unlink  0x0000000000000000       0x1e Src/syscalls.o
 .text._times   0x0000000000000000       0x16 Src/syscalls.o
 .text._stat    0x0000000000000000       0x1e Src/syscalls.o
 .text._link    0x0000000000000000       0x20 Src/syscalls.o
 .text._fork    0x0000000000000000       0x16 Src/syscalls.o
 .text._execve  0x0000000000000000       0x22 Src/syscalls.o
 .debug_info    0x0000000000000000     0x1038 Src/syscalls.o
 .debug_abbrev  0x0000000000000000      0x254 Src/syscalls.o
 .debug_loc     0x0000000000000000      0x5b8 Src/syscalls.o
 .debug_aranges
                0x0000000000000000       0xa8 Src/syscalls.o
 .debug_ranges  0x0000000000000000       0x98 Src/syscalls.o
 .debug_macro   0x0000000000000000      0x243 Src/syscalls.o
 .debug_macro   0x0000000000000000      0xa60 Src/syscalls.o
 .debug_macro   0x0000000000000000       0x22 Src/syscalls.o
 .debug_macro   0x0000000000000000       0x40 Src/syscalls.o
 .debug_macro   0x0000000000000000       0x18 Src/syscalls.o
 .debug_macro   0x0000000000000000       0x94 Src/syscalls.o
 .debug_macro   0x0000000000000000       0x3c Src/syscalls.o
 .debug_macro   0x0000000000000000       0x34 Src/syscalls.o
 .debug_macro   0x0000000000000000       0x57 Src/syscalls.o
 .debug_macro   0x0000000000000000      0x174 Src/syscalls.o
 .debug_macro   0x0000000000000000      0x330 Src/syscalls.o
 .debug_macro   0x0000000000000000       0x52 Src/syscalls.o
 .debug_macro   0x0000000000000000       0x1f Src/syscalls.o
 .debug_macro   0x0000000000000000       0x43 Src/syscalls.o
 .debug_macro   0x0000000000000000       0x20 Src/syscalls.o
 .debug_macro   0x0000000000000000      0x1a3 Src/syscalls.o
 .debug_macro   0x0000000000000000       0x10 Src/syscalls.o
 .debug_macro   0x0000000000000000       0x35 Src/syscalls.o
 .debug_macro   0x0000000000000000       0x10 Src/syscalls.o
 .debug_macro   0x0000000000000000       0x10 Src/syscalls.o
 .debug_macro   0x0000000000000000       0x10 Src/syscalls.o
 .debug_macro   0x0000000000000000       0x6a Src/syscalls.o
 .debug_macro   0x0000000000000000       0x1c Src/syscalls.o
 .debug_macro   0x0000000000000000       0x52 Src/syscalls.o
 .debug_macro   0x0000000000000000       0x40 Src/syscalls.o
 .debug_macro   0x0000000000000000       0x10 Src/syscalls.o
 .debug_macro   0x0000000000000000       0x40 Src/syscalls.o
 .debug_macro   0x0000000000000000       0xd7 Src/syscalls.o
 .debug_macro   0x0000000000000000       0x1c Src/syscalls.o
 .debug_macro   0x0000000000000000       0x3d Src/syscalls.o
 .debug_macro   0x0000000000000000       0x35 Src/syscalls.o
 .debug_macro   0x0000000000000000      0x122 Src/syscalls.o
 .debug_macro   0x0000000000000000       0x16 Src/syscalls.o
 .debug_macro   0x0000000000000000       0x16 Src/syscalls.o
 .debug_macro   0x0000000000000000       0x29 Src/syscalls.o
 .debug_macro   0x0000000000000000       0x10 Src/syscalls.o
 .debug_macro   0x0000000000000000      0x241 Src/syscalls.o
 .debug_macro   0x0000000000000000       0x1c Src/syscalls.o
 .debug_macro   0x0000000000000000       0x10 Src/syscalls.o
 .debug_macro   0x0000000000000000       0x10 Src/syscalls.o
 .debug_macro   0x0000000000000000       0x16 Src/syscalls.o
 .debug_macro   0x0000000000000000      0x145 Src/syscalls.o
 .debug_macro   0x0000000000000000      0x189 Src/syscalls.o
 .debug_macro   0x0000000000000000       0x16 Src/syscalls.o
 .debug_macro   0x0000000000000000       0x88 Src/syscalls.o
 .debug_line    0x0000000000000000      0x739 Src/syscalls.o
 .debug_str     0x0000000000000000     0x8885 Src/syscalls.o
 .comment       0x0000000000000000       0x7c Src/syscalls.o
 .debug_frame   0x0000000000000000      0x2ac Src/syscalls.o
 .ARM.attributes
                0x0000000000000000       0x33 Src/syscalls.o
 .group         0x0000000000000000        0xc Src/sysmem.o
 .group         0x0000000000000000        0xc Src/sysmem.o
 .group         0x0000000000000000        0xc Src/sysmem.o
 .group         0x0000000000000000        0xc Src/sysmem.o
 .group         0x0000000000000000        0xc Src/sysmem.o
 .group         0x0000000000000000        0xc Src/sysmem.o
 .group         0x0000000000000000        0xc Src/sysmem.o
 .group         0x0000000000000000        0xc Src/sysmem.o
 .group         0x0000000000000000        0xc Src/sysmem.o
 .group         0x0000000000000000        0xc Src/sysmem.o
 .group         0x0000000000000000        0xc Src/sysmem.o
 .group         0x0000000000000000        0xc Src/sysmem.o
 .group         0x0000000000000000        0xc Src/sysmem.o
 .group         0x0000000000000000        0xc Src/sysmem.o
 .group         0x0000000000000000        0xc Src/sysmem.o
 .group         0x0000000000000000        0xc Src/sysmem.o
 .group         0x0000000000000000        0xc Src/sysmem.o
 .group         0x0000000000000000        0xc Src/sysmem.o
 .group         0x0000000000000000        0xc Src/sysmem.o
 .text          0x0000000000000000        0x0 Src/sysmem.o
 .data          0x0000000000000000        0x0 Src/sysmem.o
 .bss           0x0000000000000000        0x0 Src/sysmem.o
 .bss.__sbrk_heap_end
                0x0000000000000000        0x4 Src/sysmem.o
 .text._sbrk    0x0000000000000000       0x6c Src/sysmem.o
 .debug_info    0x0000000000000000      0xa7c Src/sysmem.o
 .debug_abbrev  0x0000000000000000      0x18e Src/sysmem.o
 .debug_loc     0x0000000000000000       0x50 Src/sysmem.o
 .debug_aranges
                0x0000000000000000       0x20 Src/sysmem.o
 .debug_ranges  0x0000000000000000       0x10 Src/sysmem.o
 .debug_macro   0x0000000000000000       0xee Src/sysmem.o
 .debug_macro   0x0000000000000000      0xa60 Src/sysmem.o
 .debug_macro   0x0000000000000000       0x10 Src/sysmem.o
 .debug_macro   0x0000000000000000       0x22 Src/sysmem.o
 .debug_macro   0x0000000000000000       0x40 Src/sysmem.o
 .debug_macro   0x0000000000000000       0x18 Src/sysmem.o
 .debug_macro   0x0000000000000000       0x94 Src/sysmem.o
 .debug_macro   0x0000000000000000       0x3c Src/sysmem.o
 .debug_macro   0x0000000000000000       0x34 Src/sysmem.o
 .debug_macro   0x0000000000000000      0x174 Src/sysmem.o
 .debug_macro   0x0000000000000000       0x57 Src/sysmem.o
 .debug_macro   0x0000000000000000       0x52 Src/sysmem.o
 .debug_macro   0x0000000000000000       0x1f Src/sysmem.o
 .debug_macro   0x0000000000000000       0x43 Src/sysmem.o
 .debug_macro   0x0000000000000000       0x20 Src/sysmem.o
 .debug_macro   0x0000000000000000      0x1a3 Src/sysmem.o
 .debug_macro   0x0000000000000000      0x23b Src/sysmem.o
 .debug_macro   0x0000000000000000       0xef Src/sysmem.o
 .debug_macro   0x0000000000000000       0x6a Src/sysmem.o
 .debug_macro   0x0000000000000000      0x1df Src/sysmem.o
 .debug_line    0x0000000000000000      0x4c2 Src/sysmem.o
 .debug_str     0x0000000000000000     0x5f53 Src/sysmem.o
 .comment       0x0000000000000000       0x7c Src/sysmem.o
 .debug_frame   0x0000000000000000       0x34 Src/sysmem.o
 .ARM.attributes
                0x0000000000000000       0x33 Src/sysmem.o
 .text          0x0000000000000000       0x14 Startup/startup_stm32f103c6tx.o
 .data          0x0000000000000000        0x0 Startup/startup_stm32f103c6tx.o
 .bss           0x0000000000000000        0x0 Startup/startup_stm32f103c6tx.o
 .text          0x0000000000000000        0x0 c:/st/stm32cubeide_1.4.0/stm32cubeide/plugins/com.st.stm32cube.ide.mcu.externaltools.gnu-tools-for-stm32.7-2018-q2-update.win32_1.4.0.202007081208/tools/bin/../lib/gcc/arm-none-eabi/7.3.1/../../../../arm-none-eabi/lib/thumb/v7-m\libc_nano.a(lib_a-errno.o)
 .data          0x0000000000000000        0x0 c:/st/stm32cubeide_1.4.0/stm32cubeide/plugins/com.st.stm32cube.ide.mcu.externaltools.gnu-tools-for-stm32.7-2018-q2-update.win32_1.4.0.202007081208/tools/bin/../lib/gcc/arm-none-eabi/7.3.1/../../../../arm-none-eabi/lib/thumb/v7-m\libc_nano.a(lib_a-errno.o)
 .bss           0x0000000000000000        0x0 c:/st/stm32cubeide_1.4.0/stm32cubeide/plugins/com.st.stm32cube.ide.mcu.externaltools.gnu-tools-for-stm32.7-2018-q2-update.win32_1.4.0.202007081208/tools/bin/../lib/gcc/arm-none-eabi/7.3.1/../../../../arm-none-eabi/lib/thumb/v7-m\libc_nano.a(lib_a-errno.o)
 .text.__errno  0x0000000000000000        0xc c:/st/stm32cubeide_1.4.0/stm32cubeide/plugins/com.st.stm32cube.ide.mcu.externaltools.gnu-tools-for-stm32.7-2018-q2-update.win32_1.4.0.202007081208/tools/bin/../lib/gcc/arm-none-eabi/7.3.1/../../../../arm-none-eabi/lib/thumb/v7-m\libc_nano.a(lib_a-errno.o)
 .debug_frame   0x0000000000000000       0x20 c:/st/stm32cubeide_1.4.0/stm32cubeide/plugins/com.st.stm32cube.ide.mcu.externaltools.gnu-tools-for-stm32.7-2018-q2-update.win32_1.4.0.202007081208/tools/bin/../lib/gcc/arm-none-eabi/7.3.1/../../../../arm-none-eabi/lib/thumb/v7-m\libc_nano.a(lib_a-errno.o)
 .ARM.attributes
                0x0000000000000000       0x2d c:/st/stm32cubeide_1.4.0/stm32cubeide/plugins/com.st.stm32cube.ide.mcu.externaltools.gnu-tools-for-stm32.7-2018-q2-update.win32_1.4.0.202007081208/tools/bin/../lib/gcc/arm-none-eabi/7.3.1/../../../../arm-none-eabi/lib/thumb/v7-m\libc_nano.a(lib_a-errno.o)
 .text          0x0000000000000000        0x0 c:/st/stm32cubeide_1.4.0/stm32cubeide/plugins/com.st.stm32cube.ide.mcu.externaltools.gnu-tools-for-stm32.7-2018-q2-update.win32_1.4.0.202007081208/tools/bin/../lib/gcc/arm-none-eabi/7.3.1/../../../../arm-none-eabi/lib/thumb/v7-m\libc_nano.a(lib_a-exit.o)
 .data          0x0000000000000000        0x0 c:/st/stm32cubeide_1.4.0/stm32cubeide/plugins/com.st.stm32cube.ide.mcu.externaltools.gnu-tools-for-stm32.7-2018-q2-update.win32_1.4.0.202007081208/tools/bin/../lib/gcc/arm-none-eabi/7.3.1/../../../../arm-none-eabi/lib/thumb/v7-m\libc_nano.a(lib_a-exit.o)
 .bss           0x0000000000000000        0x0 c:/st/stm32cubeide_1.4.0/stm32cubeide/plugins/com.st.stm32cube.ide.mcu.externaltools.gnu-tools-for-stm32.7-2018-q2-update.win32_1.4.0.202007081208/tools/bin/../lib/gcc/arm-none-eabi/7.3.1/../../../../arm-none-eabi/lib/thumb/v7-m\libc_nano.a(lib_a-exit.o)
 .text.exit     0x0000000000000000       0x28 c:/st/stm32cubeide_1.4.0/stm32cubeide/plugins/com.st.stm32cube.ide.mcu.externaltools.gnu-tools-for-stm32.7-2018-q2-update.win32_1.4.0.202007081208/tools/bin/../lib/gcc/arm-none-eabi/7.3.1/../../../../arm-none-eabi/lib/thumb/v7-m\libc_nano.a(lib_a-exit.o)
 .debug_frame   0x0000000000000000       0x28 c:/st/stm32cubeide_1.4.0/stm32cubeide/plugins/com.st.stm32cube.ide.mcu.externaltools.gnu-tools-for-stm32.7-2018-q2-update.win32_1.4.0.202007081208/tools/bin/../lib/gcc/arm-none-eabi/7.3.1/../../../../arm-none-eabi/lib/thumb/v7-m\libc_nano.a(lib_a-exit.o)
 .ARM.attributes
                0x0000000000000000       0x2d c:/st/stm32cubeide_1.4.0/stm32cubeide/plugins/com.st.stm32cube.ide.mcu.externaltools.gnu-tools-for-stm32.7-2018-q2-update.win32_1.4.0.202007081208/tools/bin/../lib/gcc/arm-none-eabi/7.3.1/../../../../arm-none-eabi/lib/thumb/v7-m\libc_nano.a(lib_a-exit.o)
 .text          0x0000000000000000        0x0 c:/st/stm32cubeide_1.4.0/stm32cubeide/plugins/com.st.stm32cube.ide.mcu.externaltools.gnu-tools-for-stm32.7-2018-q2-update.win32_1.4.0.202007081208/tools/bin/../lib/gcc/arm-none-eabi/7.3.1/../../../../arm-none-eabi/lib/thumb/v7-m\libc_nano.a(lib_a-impure.o)
 .data          0x0000000000000000        0x0 c:/st/stm32cubeide_1.4.0/stm32cubeide/plugins/com.st.stm32cube.ide.mcu.externaltools.gnu-tools-for-stm32.7-2018-q2-update.win32_1.4.0.202007081208/tools/bin/../lib/gcc/arm-none-eabi/7.3.1/../../../../arm-none-eabi/lib/thumb/v7-m\libc_nano.a(lib_a-impure.o)
 .bss           0x0000000000000000        0x0 c:/st/stm32cubeide_1.4.0/stm32cubeide/plugins/com.st.stm32cube.ide.mcu.externaltools.gnu-tools-for-stm32.7-2018-q2-update.win32_1.4.0.202007081208/tools/bin/../lib/gcc/arm-none-eabi/7.3.1/../../../../arm-none-eabi/lib/thumb/v7-m\libc_nano.a(lib_a-impure.o)
 .data._impure_ptr
                0x0000000000000000        0x4 c:/st/stm32cubeide_1.4.0/stm32cubeide/plugins/com.st.stm32cube.ide.mcu.externaltools.gnu-tools-for-stm32.7-2018-q2-update.win32_1.4.0.202007081208/tools/bin/../lib/gcc/arm-none-eabi/7.3.1/../../../../arm-none-eabi/lib/thumb/v7-m\libc_nano.a(lib_a-impure.o)
 .data.impure_data
                0x0000000000000000       0x60 c:/st/stm32cubeide_1.4.0/stm32cubeide/plugins/com.st.stm32cube.ide.mcu.externaltools.gnu-tools-for-stm32.7-2018-q2-update.win32_1.4.0.202007081208/tools/bin/../lib/gcc/arm-none-eabi/7.3.1/../../../../arm-none-eabi/lib/thumb/v7-m\libc_nano.a(lib_a-impure.o)
 .rodata._global_impure_ptr
                0x0000000000000000        0x4 c:/st/stm32cubeide_1.4.0/stm32cubeide/plugins/com.st.stm32cube.ide.mcu.externaltools.gnu-tools-for-stm32.7-2018-q2-update.win32_1.4.0.202007081208/tools/bin/../lib/gcc/arm-none-eabi/7.3.1/../../../../arm-none-eabi/lib/thumb/v7-m\libc_nano.a(lib_a-impure.o)
 .ARM.attributes
                0x0000000000000000       0x2d c:/st/stm32cubeide_1.4.0/stm32cubeide/plugins/com.st.stm32cube.ide.mcu.externaltools.gnu-tools-for-stm32.7-2018-q2-update.win32_1.4.0.202007081208/tools/bin/../lib/gcc/arm-none-eabi/7.3.1/../../../../arm-none-eabi/lib/thumb/v7-m\libc_nano.a(lib_a-impure.o)
 .text          0x0000000000000000        0x0 c:/st/stm32cubeide_1.4.0/stm32cubeide/plugins/com.st.stm32cube.ide.mcu.externaltools.gnu-tools-for-stm32.7-2018-q2-update.win32_1.4.0.202007081208/tools/bin/../lib/gcc/arm-none-eabi/7.3.1/../../../../arm-none-eabi/lib/thumb/v7-m\libc_nano.a(lib_a-init.o)
 .data          0x0000000000000000        0x0 c:/st/stm32cubeide_1.4.0/stm32cubeide/plugins/com.st.stm32cube.ide.mcu.externaltools.gnu-tools-for-stm32.7-2018-q2-update.win32_1.4.0.202007081208/tools/bin/../lib/gcc/arm-none-eabi/7.3.1/../../../../arm-none-eabi/lib/thumb/v7-m\libc_nano.a(lib_a-init.o)
 .bss           0x0000000000000000        0x0 c:/st/stm32cubeide_1.4.0/stm32cubeide/plugins/com.st.stm32cube.ide.mcu.externaltools.gnu-tools-for-stm32.7-2018-q2-update.win32_1.4.0.202007081208/tools/bin/../lib/gcc/arm-none-eabi/7.3.1/../../../../arm-none-eabi/lib/thumb/v7-m\libc_nano.a(lib_a-init.o)
 .text          0x0000000000000000        0x0 c:/st/stm32cubeide_1.4.0/stm32cubeide/plugins/com.st.stm32cube.ide.mcu.externaltools.gnu-tools-for-stm32.7-2018-q2-update.win32_1.4.0.202007081208/tools/bin/../lib/gcc/arm-none-eabi/7.3.1/../../../../arm-none-eabi/lib/thumb/v7-m\libc_nano.a(lib_a-memset.o)
 .data          0x0000000000000000        0x0 c:/st/stm32cubeide_1.4.0/stm32cubeide/plugins/com.st.stm32cube.ide.mcu.externaltools.gnu-tools-for-stm32.7-2018-q2-update.win32_1.4.0.202007081208/tools/bin/../lib/gcc/arm-none-eabi/7.3.1/../../../../arm-none-eabi/lib/thumb/v7-m\libc_nano.a(lib_a-memset.o)
 .bss           0x0000000000000000        0x0 c:/st/stm32cubeide_1.4.0/stm32cubeide/plugins/com.st.stm32cube.ide.mcu.externaltools.gnu-tools-for-stm32.7-2018-q2-update.win32_1.4.0.202007081208/tools/bin/../lib/gcc/arm-none-eabi/7.3.1/../../../../arm-none-eabi/lib/thumb/v7-m\libc_nano.a(lib_a-memset.o)
 .text.memset   0x0000000000000000       0x10 c:/st/stm32cubeide_1.4.0/stm32cubeide/plugins/com.st.stm32cube.ide.mcu.externaltools.gnu-tools-for-stm32.7-2018-q2-update.win32_1.4.0.202007081208/tools/bin/../lib/gcc/arm-none-eabi/7.3.1/../../../../arm-none-eabi/lib/thumb/v7-m\libc_nano.a(lib_a-memset.o)
 .debug_frame   0x0000000000000000       0x20 c:/st/stm32cubeide_1.4.0/stm32cubeide/plugins/com.st.stm32cube.ide.mcu.externaltools.gnu-tools-for-stm32.7-2018-q2-update.win32_1.4.0.202007081208/tools/bin/../lib/gcc/arm-none-eabi/7.3.1/../../../../arm-none-eabi/lib/thumb/v7-m\libc_nano.a(lib_a-memset.o)
 .ARM.attributes
                0x0000000000000000       0x2d c:/st/stm32cubeide_1.4.0/stm32cubeide/plugins/com.st.stm32cube.ide.mcu.externaltools.gnu-tools-for-stm32.7-2018-q2-update.win32_1.4.0.202007081208/tools/bin/../lib/gcc/arm-none-eabi/7.3.1/../../../../arm-none-eabi/lib/thumb/v7-m\libc_nano.a(lib_a-memset.o)
 .text          0x0000000000000000        0x0 c:/st/stm32cubeide_1.4.0/stm32cubeide/plugins/com.st.stm32cube.ide.mcu.externaltools.gnu-tools-for-stm32.7-2018-q2-update.win32_1.4.0.202007081208/tools/bin/../lib/gcc/arm-none-eabi/7.3.1/thumb/v7-m/crtend.o
 .data          0x0000000000000000        0x0 c:/st/stm32cubeide_1.4.0/stm32cubeide/plugins/com.st.stm32cube.ide.mcu.externaltools.gnu-tools-for-stm32.7-2018-q2-update.win32_1.4.0.202007081208/tools/bin/../lib/gcc/arm-none-eabi/7.3.1/thumb/v7-m/crtend.o
 .bss           0x0000000000000000        0x0 c:/st/stm32cubeide_1.4.0/stm32cubeide/plugins/com.st.stm32cube.ide.mcu.externaltools.gnu-tools-for-stm32.7-2018-q2-update.win32_1.4.0.202007081208/tools/bin/../lib/gcc/arm-none-eabi/7.3.1/thumb/v7-m/crtend.o
 .eh_frame      0x0000000000000000        0x4 c:/st/stm32cubeide_1.4.0/stm32cubeide/plugins/com.st.stm32cube.ide.mcu.externaltools.gnu-tools-for-stm32.7-2018-q2-update.win32_1.4.0.202007081208/tools/bin/../lib/gcc/arm-none-eabi/7.3.1/thumb/v7-m/crtend.o
 .ARM.attributes
                0x0000000000000000       0x2d c:/st/stm32cubeide_1.4.0/stm32cubeide/plugins/com.st.stm32cube.ide.mcu.externaltools.gnu-tools-for-stm32.7-2018-q2-update.win32_1.4.0.202007081208/tools/bin/../lib/gcc/arm-none-eabi/7.3.1/thumb/v7-m/crtend.o
 .text          0x0000000000000000        0x0 c:/st/stm32cubeide_1.4.0/stm32cubeide/plugins/com.st.stm32cube.ide.mcu.externaltools.gnu-tools-for-stm32.7-2018-q2-update.win32_1.4.0.202007081208/tools/bin/../lib/gcc/arm-none-eabi/7.3.1/thumb/v7-m/crtn.o
 .data          0x0000000000000000        0x0 c:/st/stm32cubeide_1.4.0/stm32cubeide/plugins/com.st.stm32cube.ide.mcu.externaltools.gnu-tools-for-stm32.7-2018-q2-update.win32_1.4.0.202007081208/tools/bin/../lib/gcc/arm-none-eabi/7.3.1/thumb/v7-m/crtn.o
 .bss           0x0000000000000000        0x0 c:/st/stm32cubeide_1.4.0/stm32cubeide/plugins/com.st.stm32cube.ide.mcu.externaltools.gnu-tools-for-stm32.7-2018-q2-update.win32_1.4.0.202007081208/tools/bin/../lib/gcc/arm-none-eabi/7.3.1/thumb/v7-m/crtn.o

Memory Configuration

Name             Origin             Length             Attributes
RAM              0x0000000020000000 0x0000000000002800 xrw
ROM              0x0000000008000000 0x0000000000008000 xr
*default*        0x0000000000000000 0xffffffffffffffff

Linker script and memory map

LOAD c:/st/stm32cubeide_1.4.0/stm32cubeide/plugins/com.st.stm32cube.ide.mcu.externaltools.gnu-tools-for-stm32.7-2018-q2-update.win32_1.4.0.202007081208/tools/bin/../lib/gcc/arm-none-eabi/7.3.1/thumb/v7-m/crti.o
LOAD c:/st/stm32cubeide_1.4.0/stm32cubeide/plugins/com.st.stm32cube.ide.mcu.externaltools.gnu-tools-for-stm32.7-2018-q2-update.win32_1.4.0.202007081208/tools/bin/../lib/gcc/arm-none-eabi/7.3.1/thumb/v7-m/crtbegin.o
LOAD c:/st/stm32cubeide_1.4.0/stm32cubeide/plugins/com.st.stm32cube.ide.mcu.externaltools.gnu-tools-for-stm32.7-2018-q2-update.win32_1.4.0.202007081208/tools/bin/../lib/gcc/arm-none-eabi/7.3.1/../../../../arm-none-eabi/lib/thumb/v7-m/crt0.o
LOAD HAL/Keypad/Keypad.o
LOAD HAL/LCD/LCD.o
LOAD MCAL/EXTI/EXTI_Driver.o
LOAD MCAL/GPIO/GPIO_Driver.o
LOAD MCAL/RCC/RCC.o
LOAD MCAL/UART/UART.o
LOAD Src/main.o
LOAD Src/syscalls.o
LOAD Src/sysmem.o
LOAD Startup/startup_stm32f103c6tx.o
START GROUP
LOAD c:/st/stm32cubeide_1.4.0/stm32cubeide/plugins/com.st.stm32cube.ide.mcu.externaltools.gnu-tools-for-stm32.7-2018-q2-update.win32_1.4.0.202007081208/tools/bin/../lib/gcc/arm-none-eabi/7.3.1/../../../../arm-none-eabi/lib/thumb/v7-m\libc_nano.a
LOAD c:/st/stm32cubeide_1.4.0/stm32cubeide/plugins/com.st.stm32cube.ide.mcu.externaltools.gnu-tools-for-stm32.7-2018-q2-update.win32_1.4.0.202007081208/tools/bin/../lib/gcc/arm-none-eabi/7.3.1/../../../../arm-none-eabi/lib/thumb/v7-m\libm.a
END GROUP
START GROUP
LOAD c:/st/stm32cubeide_1.4.0/stm32cubeide/plugins/com.st.stm32cube.ide.mcu.externaltools.gnu-tools-for-stm32.7-2018-q2-update.win32_1.4.0.202007081208/tools/bin/../lib/gcc/arm-none-eabi/7.3.1/thumb/v7-m\libgcc.a
LOAD c:/st/stm32cubeide_1.4.0/stm32cubeide/plugins/com.st.stm32cube.ide.mcu.externaltools.gnu-tools-for-stm32.7-2018-q2-update.win32_1.4.0.202007081208/tools/bin/../lib/gcc/arm-none-eabi/7.3.1/../../../../arm-none-eabi/lib/thumb/v7-m\libc_nano.a
END GROUP
START GROUP
LOAD c:/st/stm32cubeide_1.4.0/stm32cubeide/plugins/com.st.stm32cube.ide.mcu.externaltools.gnu-tools-for-stm32.7-2018-q2-update.win32_1.4.0.202007081208/tools/bin/../lib/gcc/arm-none-eabi/7.3.1/thumb/v7-m\libgcc.a
LOAD c:/st/stm32cubeide_1.4.0/stm32cubeide/plugins/com.st.stm32cube.ide.mcu.externaltools.gnu-tools-for-stm32.7-2018-q2-update.win32_1.4.0.202007081208/tools/bin/../lib/gcc/arm-none-eabi/7.3.1/../../../../arm-none-eabi/lib/thumb/v7-m\libc_nano.a
LOAD c:/st/stm32cubeide_1.4.0/stm32cubeide/plugins/com.st.stm32cube.ide.mcu.externaltools.gnu-tools-for-stm32.7-2018-q2-update.win32_1.4.0.202007081208/tools/bin/../lib/gcc/arm-none-eabi/7.3.1/../../../../arm-none-eabi/lib/thumb/v7-m\libnosys.a
END GROUP
START GROUP
LOAD c:/st/stm32cubeide_1.4.0/stm32cubeide/plugins/com.st.stm32cube.ide.mcu.externaltools.gnu-tools-for-stm32.7-2018-q2-update.win32_1.4.0.202007081208/tools/bin/../lib/gcc/arm-none-eabi/7.3.1/thumb/v7-m\libgcc.a
LOAD c:/st/stm32cubeide_1.4.0/stm32cubeide/plugins/com.st.stm32cube.ide.mcu.externaltools.gnu-tools-for-stm32.7-2018-q2-update.win32_1.4.0.202007081208/tools/bin/../lib/gcc/arm-none-eabi/7.3.1/../../../../arm-none-eabi/lib/thumb/v7-m\libc_nano.a
LOAD c:/st/stm32cubeide_1.4.0/stm32cubeide/plugins/com.st.stm32cube.ide.mcu.externaltools.gnu-tools-for-stm32.7-2018-q2-update.win32_1.4.0.202007081208/tools/bin/../lib/gcc/arm-none-eabi/7.3.1/../../../../arm-none-eabi/lib/thumb/v7-m\libnosys.a
END GROUP
LOAD c:/st/stm32cubeide_1.4.0/stm32cubeide/plugins/com.st.stm32cube.ide.mcu.externaltools.gnu-tools-for-stm32.7-2018-q2-update.win32_1.4.0.202007081208/tools/bin/../lib/gcc/arm-none-eabi/7.3.1/thumb/v7-m/crtend.o
LOAD c:/st/stm32cubeide_1.4.0/stm32cubeide/plugins/com.st.stm32cube.ide.mcu.externaltools.gnu-tools-for-stm32.7-2018-q2-update.win32_1.4.0.202007081208/tools/bin/../lib/gcc/arm-none-eabi/7.3.1/thumb/v7-m/crtn.o
                0x0000000020002800                _estack = (ORIGIN (RAM) + LENGTH (RAM))
                0x0000000000000200                _Min_Heap_Size = 0x200
                0x0000000000000400                _Min_Stack_Size = 0x400

.isr_vector     0x0000000008000000      0x130
                0x0000000008000000                . = ALIGN (0x4)
 *(.isr_vector)
 .isr_vector    0x0000000008000000      0x130 Startup/startup_stm32f103c6tx.o
                0x0000000008000000                g_pfnVectors
                0x0000000008000130                . = ALIGN (0x4)

.text           0x0000000008000130      0xa20
                0x0000000008000130                . = ALIGN (0x4)
 *(.text)
 .text          0x0000000008000130       0x40 c:/st/stm32cubeide_1.4.0/stm32cubeide/plugins/com.st.stm32cube.ide.mcu.externaltools.gnu-tools-for-stm32.7-2018-q2-update.win32_1.4.0.202007081208/tools/bin/../lib/gcc/arm-none-eabi/7.3.1/thumb/v7-m/crtbegin.o
 *(.text*)
 .text.EXTI0_IRQHandler
                0x0000000008000170       0x24 MCAL/EXTI/EXTI_Driver.o
                0x0000000008000170                EXTI0_IRQHandler
 .text.EXTI1_IRQHandler
                0x0000000008000194       0x24 MCAL/EXTI/EXTI_Driver.o
                0x0000000008000194                EXTI1_IRQHandler
 .text.EXTI2_IRQHandler
                0x00000000080001b8       0x24 MCAL/EXTI/EXTI_Driver.o
                0x00000000080001b8                EXTI2_IRQHandler
 .text.EXTI3_IRQHandler
                0x00000000080001dc       0x24 MCAL/EXTI/EXTI_Driver.o
                0x00000000080001dc                EXTI3_IRQHandler
 .text.EXTI4_IRQHandler
                0x0000000008000200       0x24 MCAL/EXTI/EXTI_Driver.o
                0x0000000008000200                EXTI4_IRQHandler
 .text.EXTI9_5_IRQHandler
                0x0000000008000224       0xa8 MCAL/EXTI/EXTI_Driver.o
                0x0000000008000224                EXTI9_5_IRQHandler
 .text.EXTI15_10_IRQHandler
                0x00000000080002cc       0xe4 MCAL/EXTI/EXTI_Driver.o
                0x00000000080002cc                EXTI15_10_IRQHandler
 .text.getCRLHPinPos
                0x00000000080003b0       0xc6 MCAL/GPIO/GPIO_Driver.o
                0x00000000080003b0                getCRLHPinPos
 .text.MCAL_GPIO_Init
                0x0000000008000476      0x116 MCAL/GPIO/GPIO_Driver.o
                0x0000000008000476                MCAL_GPIO_Init
 .text.MCAL_RCC_GET_SYS_CLKFreq
                0x000000000800058c       0x40 MCAL/RCC/RCC.o
                0x000000000800058c                MCAL_RCC_GET_SYS_CLKFreq
 .text.MCAL_RCC_GET_HCLKFreq
                0x00000000080005cc       0x28 MCAL/RCC/RCC.o
                0x00000000080005cc                MCAL_RCC_GET_HCLKFreq
 .text.MCAL_RCC_GET_PCLK1Freq
                0x00000000080005f4       0x28 MCAL/RCC/RCC.o
                0x00000000080005f4                MCAL_RCC_GET_PCLK1Freq
 .text.MCAL_RCC_GET_PCLK2Freq
                0x000000000800061c       0x28 MCAL/RCC/RCC.o
                0x000000000800061c                MCAL_RCC_GET_PCLK2Freq
 .text.MCAL_UART_Init
                0x0000000008000644      0x1a0 MCAL/UART/UART.o
                0x0000000008000644                MCAL_UART_Init
 .text.MCAL_UART_SendData
                0x00000000080007e4       0x6c MCAL/UART/UART.o
                0x00000000080007e4                MCAL_UART_SendData
 .text.MCAL_UART_ReceiveData
                0x0000000008000850       0xb0 MCAL/UART/UART.o
                0x0000000008000850                MCAL_UART_ReceiveData
 .text.MCAL_UART_GPIO_SetPins
                0x0000000008000900       0xcc MCAL/UART/UART.o
                0x0000000008000900                MCAL_UART_GPIO_SetPins
 .text.USART1_IRQHandler
                0x00000000080009cc       0x14 MCAL/UART/UART.o
                0x00000000080009cc                USART1_IRQHandler
 .text.USART2_IRQHandler
                0x00000000080009e0       0x14 MCAL/UART/UART.o
                0x00000000080009e0                USART2_IRQHandler
 .text.USART3_IRQHandler
                0x00000000080009f4       0x14 MCAL/UART/UART.o
                0x00000000080009f4                USART3_IRQHandler
 .text.clockInit
                0x0000000008000a08       0x34 Src/main.o
                0x0000000008000a08                clockInit
 .text.main     0x0000000008000a3c       0x60 Src/main.o
                0x0000000008000a3c                main
 .text.Reset_Handler
                0x0000000008000a9c       0x50 Startup/startup_stm32f103c6tx.o
                0x0000000008000a9c                Reset_Handler
 .text.Default_Handler
                0x0000000008000aec        0x2 Startup/startup_stm32f103c6tx.o
                0x0000000008000aec                TIM8_TRG_COM_IRQHandler
                0x0000000008000aec                TIM8_CC_IRQHandler
                0x0000000008000aec                DebugMon_Handler
                0x0000000008000aec                TIM1_CC_IRQHandler
                0x0000000008000aec                HardFault_Handler
                0x0000000008000aec                TIM6_IRQHandler
                0x0000000008000aec                SysTick_Handler
                0x0000000008000aec                PVD_IRQHandler
                0x0000000008000aec                SDIO_IRQHandler
                0x0000000008000aec                PendSV_Handler
                0x0000000008000aec                NMI_Handler
                0x0000000008000aec                USB_HP_CAN_TX_IRQHandler
                0x0000000008000aec                I2C2_EV_IRQHandler
                0x0000000008000aec                UsageFault_Handler
                0x0000000008000aec                ADC1_2_IRQHandler
                0x0000000008000aec                SPI1_IRQHandler
                0x0000000008000aec                CAN_SCE_IRQHandler
                0x0000000008000aec                TAMPER_IRQHandler
                0x0000000008000aec                TIM8_UP_IRQHandler
                0x0000000008000aec                DMA2_Channel2_IRQHandler
                0x0000000008000aec                DMA1_Channel4_IRQHandler
                0x0000000008000aec                RTC_IRQHandler
                0x0000000008000aec                DMA1_Channel7_IRQHandler
                0x0000000008000aec                UART5_IRQHandler
                0x0000000008000aec                ADC3_IRQHandler
                0x0000000008000aec                TIM4_IRQHandler
                0x0000000008000aec                CAN_RX1_IRQHandler
                0x0000000008000aec                DMA2_Channel1_IRQHandler
                0x0000000008000aec                I2C1_EV_IRQHandler
                0x0000000008000aec                DMA1_Channel6_IRQHandler
                0x0000000008000aec                UART4_IRQHandler
                0x0000000008000aec                TIM3_IRQHandler
                0x0000000008000aec                RCC_IRQHandler
                0x0000000008000aec                TIM1_TRG_COM_IRQHandler
                0x0000000008000aec                DMA1_Channel1_IRQHandler
                0x0000000008000aec                Default_Handler
                0x0000000008000aec                TIM7_IRQHandler
                0x0000000008000aec                TIM5_IRQHandler
                0x0000000008000aec                SPI2_IRQHandler
                0x0000000008000aec                USB_LP_CAN_RX0_IRQHandler
                0x0000000008000aec                MemManage_Handler
                0x0000000008000aec                SVC_Handler
                0x0000000008000aec                DMA1_Channel5_IRQHandler
                0x0000000008000aec                DMA1_Channel3_IRQHandler
                0x0000000008000aec                FSMC_IRQHandler
                0x0000000008000aec                TIM1_UP_IRQHandler
                0x0000000008000aec                WWDG_IRQHandler
                0x0000000008000aec                TIM2_IRQHandler
                0x0000000008000aec                TIM1_BRK_IRQHandler
                0x0000000008000aec                RTCAlarm_IRQHandler
                0x0000000008000aec                DMA2_Channel4_5_IRQHandler
                0x0000000008000aec                I2C2_ER_IRQHandler
                0x0000000008000aec                DMA1_Channel2_IRQHandler
                0x0000000008000aec                TIM8_BRK_IRQHandler
                0x0000000008000aec                FLASH_IRQHandler
                0x0000000008000aec                BusFault_Handler
                0x0000000008000aec                SPI3_IRQHandler
                0x0000000008000aec                I2C1_ER_IRQHandler
                0x0000000008000aec                DMA2_Channel3_IRQHandler
 *fill*         0x0000000008000aee        0x2 
 .text.__libc_init_array
                0x0000000008000af0       0x48 c:/st/stm32cubeide_1.4.0/stm32cubeide/plugins/com.st.stm32cube.ide.mcu.externaltools.gnu-tools-for-stm32.7-2018-q2-update.win32_1.4.0.202007081208/tools/bin/../lib/gcc/arm-none-eabi/7.3.1/../../../../arm-none-eabi/lib/thumb/v7-m\libc_nano.a(lib_a-init.o)
                0x0000000008000af0                __libc_init_array
 *(.glue_7)
 .glue_7        0x0000000008000b38        0x0 linker stubs
 *(.glue_7t)
 .glue_7t       0x0000000008000b38        0x0 linker stubs
 *(.eh_frame)
 .eh_frame      0x0000000008000b38        0x0 c:/st/stm32cubeide_1.4.0/stm32cubeide/plugins/com.st.stm32cube.ide.mcu.externaltools.gnu-tools-for-stm32.7-2018-q2-update.win32_1.4.0.202007081208/tools/bin/../lib/gcc/arm-none-eabi/7.3.1/thumb/v7-m/crtbegin.o
 *(.init)
 .init          0x0000000008000b38        0x4 c:/st/stm32cubeide_1.4.0/stm32cubeide/plugins/com.st.stm32cube.ide.mcu.externaltools.gnu-tools-for-stm32.7-2018-q2-update.win32_1.4.0.202007081208/tools/bin/../lib/gcc/arm-none-eabi/7.3.1/thumb/v7-m/crti.o
                0x0000000008000b38                _init
 .init          0x0000000008000b3c        0x8 c:/st/stm32cubeide_1.4.0/stm32cubeide/plugins/com.st.stm32cube.ide.mcu.externaltools.gnu-tools-for-stm32.7-2018-q2-update.win32_1.4.0.202007081208/tools/bin/../lib/gcc/arm-none-eabi/7.3.1/thumb/v7-m/crtn.o
 *(.fini)
 .fini          0x0000000008000b44        0x4 c:/st/stm32cubeide_1.4.0/stm32cubeide/plugins/com.st.stm32cube.ide.mcu.externaltools.gnu-tools-for-stm32.7-2018-q2-update.win32_1.4.0.202007081208/tools/bin/../lib/gcc/arm-none-eabi/7.3.1/thumb/v7-m/crti.o
                0x0000000008000b44                _fini
 .fini          0x0000000008000b48        0x8 c:/st/stm32cubeide_1.4.0/stm32cubeide/plugins/com.st.stm32cube.ide.mcu.externaltools.gnu-tools-for-stm32.7-2018-q2-update.win32_1.4.0.202007081208/tools/bin/../lib/gcc/arm-none-eabi/7.3.1/thumb/v7-m/crtn.o
                0x0000000008000b50                . = ALIGN (0x4)
                0x0000000008000b50                _etext = .

.vfp11_veneer   0x0000000008000b50        0x0
 .vfp11_veneer  0x0000000008000b50        0x0 linker stubs

.v4_bx          0x0000000008000b50        0x0
 .v4_bx         0x0000000008000b50        0x0 linker stubs

.iplt           0x0000000008000b50        0x0
 .iplt          0x0000000008000b50        0x0 c:/st/stm32cubeide_1.4.0/stm32cubeide/plugins/com.st.stm32cube.ide.mcu.externaltools.gnu-tools-for-stm32.7-2018-q2-update.win32_1.4.0.202007081208/tools/bin/../lib/gcc/arm-none-eabi/7.3.1/thumb/v7-m/crtbegin.o

.rodata         0x0000000008000b50       0x1c
                0x0000000008000b50                . = ALIGN (0x4)
 *(.rodata)
 *(.rodata*)
 .rodata.APBPreSCTable
                0x0000000008000b50        0x8 MCAL/RCC/RCC.o
                0x0000000008000b50                APBPreSCTable
 .rodata.AHBPreSCTable
                0x0000000008000b58       0x11 MCAL/RCC/RCC.o
                0x0000000008000b58                AHBPreSCTable
                0x0000000008000b6c                . = ALIGN (0x4)
 *fill*         0x0000000008000b69        0x3 

.rel.dyn        0x0000000008000b6c        0x0
 .rel.iplt      0x0000000008000b6c        0x0 c:/st/stm32cubeide_1.4.0/stm32cubeide/plugins/com.st.stm32cube.ide.mcu.externaltools.gnu-tools-for-stm32.7-2018-q2-update.win32_1.4.0.202007081208/tools/bin/../lib/gcc/arm-none-eabi/7.3.1/thumb/v7-m/crtbegin.o

.ARM.extab      0x0000000008000b6c        0x0
                0x0000000008000b6c                . = ALIGN (0x4)
 *(.ARM.extab* .gnu.linkonce.armextab.*)
                0x0000000008000b6c                . = ALIGN (0x4)

.ARM            0x0000000008000b6c        0x0
                0x0000000008000b6c                . = ALIGN (0x4)
                0x0000000008000b6c                __exidx_start = .
 *(.ARM.exidx*)
                0x0000000008000b6c                __exidx_end = .
                0x0000000008000b6c                . = ALIGN (0x4)

.preinit_array  0x0000000008000b6c        0x0
                0x0000000008000b6c                . = ALIGN (0x4)
                0x0000000008000b6c                PROVIDE (__preinit_array_start = .)
 *(.preinit_array*)
                0x0000000008000b6c                PROVIDE (__preinit_array_end = .)
                0x0000000008000b6c                . = ALIGN (0x4)

.init_array     0x0000000008000b6c        0x4
                0x0000000008000b6c                . = ALIGN (0x4)
                0x0000000008000b6c                PROVIDE (__init_array_start = .)
 *(SORT_BY_NAME(.init_array.*))
 *(.init_array*)
 .init_array    0x0000000008000b6c        0x4 c:/st/stm32cubeide_1.4.0/stm32cubeide/plugins/com.st.stm32cube.ide.mcu.externaltools.gnu-tools-for-stm32.7-2018-q2-update.win32_1.4.0.202007081208/tools/bin/../lib/gcc/arm-none-eabi/7.3.1/thumb/v7-m/crtbegin.o
                0x0000000008000b70                PROVIDE (__init_array_end = .)
                0x0000000008000b70                . = ALIGN (0x4)

.fini_array     0x0000000008000b70        0x4
                0x0000000008000b70                . = ALIGN (0x4)
                [!provide]                        PROVIDE (__fini_array_start = .)
 *(SORT_BY_NAME(.fini_array.*))
 *(.fini_array*)
 .fini_array    0x0000000008000b70        0x4 c:/st/stm32cubeide_1.4.0/stm32cubeide/plugins/com.st.stm32cube.ide.mcu.externaltools.gnu-tools-for-stm32.7-2018-q2-update.win32_1.4.0.202007081208/tools/bin/../lib/gcc/arm-none-eabi/7.3.1/thumb/v7-m/crtbegin.o
                [!provide]                        PROVIDE (__fini_array_end = .)
                0x0000000008000b74                . = ALIGN (0x4)
                0x0000000008000b74                _sidata = LOADADDR (.data)

.data           0x0000000020000000        0x0 load address 0x0000000008000b74
                0x0000000020000000                . = ALIGN (0x4)
                0x0000000020000000                _sdata = .
 *(.data)
 *(.data*)
                0x0000000020000000                . = ALIGN (0x4)
                0x0000000020000000                _edata = .

.igot.plt       0x0000000020000000        0x0 load address 0x0000000008000b74
 .igot.plt      0x0000000020000000        0x0 c:/st/stm32cubeide_1.4.0/stm32cubeide/plugins/com.st.stm32cube.ide.mcu.externaltools.gnu-tools-for-stm32.7-2018-q2-update.win32_1.4.0.202007081208/tools/bin/../lib/gcc/arm-none-eabi/7.3.1/thumb/v7-m/crtbegin.o
                0x0000000020000000                . = ALIGN (0x4)

.bss            0x0000000020000000       0x70 load address 0x0000000008000b74
                0x0000000020000000                _sbss = .
                0x0000000020000000                __bss_start__ = _sbss
 *(.bss)
 .bss           0x0000000020000000       0x1c c:/st/stm32cubeide_1.4.0/stm32cubeide/plugins/com.st.stm32cube.ide.mcu.externaltools.gnu-tools-for-stm32.7-2018-q2-update.win32_1.4.0.202007081208/tools/bin/../lib/gcc/arm-none-eabi/7.3.1/thumb/v7-m/crtbegin.o
 *(.bss*)
 *(COMMON)
 COMMON         0x000000002000001c       0x40 MCAL/EXTI/EXTI_Driver.o
                0x000000002000001c                GP_IRQ_Callback
 COMMON         0x000000002000005c       0x14 MCAL/UART/UART.o
                0x000000002000005c                BRR
                0x0000000020000060                pclk
                0x0000000020000064                UARTGlobalCfg
                0x0000000020000070                . = ALIGN (0x4)
                0x0000000020000070                _ebss = .
                0x0000000020000070                __bss_end__ = _ebss

._user_heap_stack
                0x0000000020000070      0x600 load address 0x0000000008000b74
                0x0000000020000070                . = ALIGN (0x8)
                [!provide]                        PROVIDE (end = .)
                0x0000000020000070                PROVIDE (_end = .)
                0x0000000020000270                . = (. + _Min_Heap_Size)
 *fill*         0x0000000020000070      0x200 
                0x0000000020000670                . = (. + _Min_Stack_Size)
 *fill*         0x0000000020000270      0x400 
                0x0000000020000670                . = ALIGN (0x8)

/DISCARD/
 libc.a(*)
 libm.a(*)
 libgcc.a(*)

.ARM.attributes
                0x0000000000000000       0x29
 *(.ARM.attributes)
 .ARM.attributes
                0x0000000000000000       0x1d c:/st/stm32cubeide_1.4.0/stm32cubeide/plugins/com.st.stm32cube.ide.mcu.externaltools.gnu-tools-for-stm32.7-2018-q2-update.win32_1.4.0.202007081208/tools/bin/../lib/gcc/arm-none-eabi/7.3.1/thumb/v7-m/crti.o
 .ARM.attributes
                0x000000000000001d       0x2d c:/st/stm32cubeide_1.4.0/stm32cubeide/plugins/com.st.stm32cube.ide.mcu.externaltools.gnu-tools-for-stm32.7-2018-q2-update.win32_1.4.0.202007081208/tools/bin/../lib/gcc/arm-none-eabi/7.3.1/thumb/v7-m/crtbegin.o
 .ARM.attributes
                0x000000000000004a       0x33 MCAL/EXTI/EXTI_Driver.o
 .ARM.attributes
                0x000000000000007d       0x33 MCAL/GPIO/GPIO_Driver.o
 .ARM.attributes
                0x00000000000000b0       0x33 MCAL/RCC/RCC.o
 .ARM.attributes
                0x00000000000000e3       0x33 MCAL/UART/UART.o
 .ARM.attributes
                0x0000000000000116       0x33 Src/main.o
 .ARM.attributes
                0x0000000000000149       0x21 Startup/startup_stm32f103c6tx.o
 .ARM.attributes
                0x000000000000016a       0x2d c:/st/stm32cubeide_1.4.0/stm32cubeide/plugins/com.st.stm32cube.ide.mcu.externaltools.gnu-tools-for-stm32.7-2018-q2-update.win32_1.4.0.202007081208/tools/bin/../lib/gcc/arm-none-eabi/7.3.1/../../../../arm-none-eabi/lib/thumb/v7-m\libc_nano.a(lib_a-init.o)
 .ARM.attributes
                0x0000000000000197       0x1d c:/st/stm32cubeide_1.4.0/stm32cubeide/plugins/com.st.stm32cube.ide.mcu.externaltools.gnu-tools-for-stm32.7-2018-q2-update.win32_1.4.0.202007081208/tools/bin/../lib/gcc/arm-none-eabi/7.3.1/thumb/v7-m/crtn.o
OUTPUT(STM32F103C6_Drivers.elf elf32-littlearm)

.debug_info     0x0000000000000000     0x40cd
 .debug_info    0x0000000000000000      0xdb9 MCAL/EXTI/EXTI_Driver.o
 .debug_info    0x0000000000000db9      0xd94 MCAL/GPIO/GPIO_Driver.o
 .debug_info    0x0000000000001b4d      0xb25 MCAL/RCC/RCC.o
 .debug_info    0x0000000000002672      0xe54 MCAL/UART/UART.o
 .debug_info    0x00000000000034c6      0xbe5 Src/main.o
 .debug_info    0x00000000000040ab       0x22 Startup/startup_stm32f103c6tx.o

.debug_abbrev   0x0000000000000000      0x9d0
 .debug_abbrev  0x0000000000000000      0x228 MCAL/EXTI/EXTI_Driver.o
 .debug_abbrev  0x0000000000000228      0x225 MCAL/GPIO/GPIO_Driver.o
 .debug_abbrev  0x000000000000044d      0x19b MCAL/RCC/RCC.o
 .debug_abbrev  0x00000000000005e8      0x214 MCAL/UART/UART.o
 .debug_abbrev  0x00000000000007fc      0x1c2 Src/main.o
 .debug_abbrev  0x00000000000009be       0x12 Startup/startup_stm32f103c6tx.o

.debug_loc      0x0000000000000000      0xa84
 .debug_loc     0x0000000000000000      0x320 MCAL/EXTI/EXTI_Driver.o
 .debug_loc     0x0000000000000320      0x38c MCAL/GPIO/GPIO_Driver.o
 .debug_loc     0x00000000000006ac       0xc8 MCAL/RCC/RCC.o
 .debug_loc     0x0000000000000774      0x294 MCAL/UART/UART.o
 .debug_loc     0x0000000000000a08       0x7c Src/main.o

.debug_aranges  0x0000000000000000      0x1d0
 .debug_aranges
                0x0000000000000000       0x80 MCAL/EXTI/EXTI_Driver.o
 .debug_aranges
                0x0000000000000080       0x68 MCAL/GPIO/GPIO_Driver.o
 .debug_aranges
                0x00000000000000e8       0x38 MCAL/RCC/RCC.o
 .debug_aranges
                0x0000000000000120       0x60 MCAL/UART/UART.o
 .debug_aranges
                0x0000000000000180       0x28 Src/main.o
 .debug_aranges
                0x00000000000001a8       0x28 Startup/startup_stm32f103c6tx.o

.debug_ranges   0x0000000000000000      0x178
 .debug_ranges  0x0000000000000000       0x70 MCAL/EXTI/EXTI_Driver.o
 .debug_ranges  0x0000000000000070       0x58 MCAL/GPIO/GPIO_Driver.o
 .debug_ranges  0x00000000000000c8       0x28 MCAL/RCC/RCC.o
 .debug_ranges  0x00000000000000f0       0x50 MCAL/UART/UART.o
 .debug_ranges  0x0000000000000140       0x18 Src/main.o
 .debug_ranges  0x0000000000000158       0x20 Startup/startup_stm32f103c6tx.o

.debug_macro    0x0000000000000000      0xda6
 .debug_macro   0x0000000000000000      0x14e MCAL/EXTI/EXTI_Driver.o
 .debug_macro   0x000000000000014e      0x227 MCAL/EXTI/EXTI_Driver.o
 .debug_macro   0x0000000000000375      0x13f MCAL/GPIO/GPIO_Driver.o
 .debug_macro   0x00000000000004b4      0x148 MCAL/RCC/RCC.o
 .debug_macro   0x00000000000005fc       0x10 MCAL/RCC/RCC.o
 .debug_macro   0x000000000000060c      0x151 MCAL/UART/UART.o
 .debug_macro   0x000000000000075d       0x16 MCAL/UART/UART.o
 .debug_macro   0x0000000000000773       0xe3 MCAL/UART/UART.o
 .debug_macro   0x0000000000000856      0x166 Src/main.o
 .debug_macro   0x00000000000009bc      0x22d Src/main.o
 .debug_macro   0x0000000000000be9       0x94 Src/main.o
 .debug_macro   0x0000000000000c7d       0x40 Src/main.o
 .debug_macro   0x0000000000000cbd       0xe9 Src/main.o

.debug_line     0x0000000000000000     0x213b
 .debug_line    0x0000000000000000      0x6de MCAL/EXTI/EXTI_Driver.o
 .debug_line    0x00000000000006de      0x63e MCAL/GPIO/GPIO_Driver.o
 .debug_line    0x0000000000000d1c      0x585 MCAL/RCC/RCC.o
 .debug_line    0x00000000000012a1      0x705 MCAL/UART/UART.o
 .debug_line    0x00000000000019a6      0x711 Src/main.o
 .debug_line    0x00000000000020b7       0x84 Startup/startup_stm32f103c6tx.o

.debug_str      0x0000000000000000     0x9e75
 .debug_str     0x0000000000000000     0x9206 MCAL/EXTI/EXTI_Driver.o
                                       0x9476 (size before relaxing)
 .debug_str     0x0000000000009206      0x140 MCAL/GPIO/GPIO_Driver.o
                                       0x8070 (size before relaxing)
 .debug_str     0x0000000000009346       0xd0 MCAL/RCC/RCC.o
                                       0x7fdf (size before relaxing)
 .debug_str     0x0000000000009416      0x78e MCAL/UART/UART.o
                                       0x8760 (size before relaxing)
 .debug_str     0x0000000000009ba4      0x2a0 Src/main.o
                                       0x9b6e (size before relaxing)
 .debug_str     0x0000000000009e44       0x31 Startup/startup_stm32f103c6tx.o
                                         0x76 (size before relaxing)

.comment        0x0000000000000000       0x7b
 .comment       0x0000000000000000       0x7b MCAL/EXTI/EXTI_Driver.o
                                         0x7c (size before relaxing)
 .comment       0x000000000000007b       0x7c MCAL/GPIO/GPIO_Driver.o
 .comment       0x000000000000007b       0x7c MCAL/RCC/RCC.o
 .comment       0x000000000000007b       0x7c MCAL/UART/UART.o
 .comment       0x000000000000007b       0x7c Src/main.o

.debug_frame    0x0000000000000000      0x59c
 .debug_frame   0x0000000000000000      0x1b0 MCAL/EXTI/EXTI_Driver.o
 .debug_frame   0x00000000000001b0      0x1a0 MCAL/GPIO/GPIO_Driver.o
 .debug_frame   0x0000000000000350       0x84 MCAL/RCC/RCC.o
 .debug_frame   0x00000000000003d4      0x14c MCAL/UART/UART.o
 .debug_frame   0x0000000000000520       0x50 Src/main.o
 .debug_frame   0x0000000000000570       0x2c c:/st/stm32cubeide_1.4.0/stm32cubeide/plugins/com.st.stm32cube.ide.mcu.externaltools.gnu-tools-for-stm32.7-2018-q2-update.win32_1.4.0.202007081208/tools/bin/../lib/gcc/arm-none-eabi/7.3.1/../../../../arm-none-eabi/lib/thumb/v7-m\libc_nano.a(lib_a-init.o)
